Archive member included to satisfy reference by file (symbol)

c:/nxp/mcuxpressoide_11.8.0_1165/ide/plugins/com.nxp.mcuxpresso.tools.win32_11.8.0.202306131047/tools/bin/../lib/gcc/arm-none-eabi/12.2.1/../../../../arm-none-eabi/lib/thumb/v6-m/nofp\libcr_semihost_nf.a(_cr__main.o)
                              ./startup/startup_mkl25z4.o (__main)
c:/nxp/mcuxpressoide_11.8.0_1165/ide/plugins/com.nxp.mcuxpresso.tools.win32_11.8.0.202306131047/tools/bin/../lib/gcc/arm-none-eabi/12.2.1/../../../../arm-none-eabi/lib/thumb/v6-m/nofp\libcr_semihost_nf.a(_cr_assert.o)
                              ./drivers/fsl_clock.o (__assertion_failed)
c:/nxp/mcuxpressoide_11.8.0_1165/ide/plugins/com.nxp.mcuxpresso.tools.win32_11.8.0.202306131047/tools/bin/../lib/gcc/arm-none-eabi/12.2.1/../../../../arm-none-eabi/lib/thumb/v6-m/nofp\libcr_semihost_nf.a(__ciob.o)
                              c:/nxp/mcuxpressoide_11.8.0_1165/ide/plugins/com.nxp.mcuxpresso.tools.win32_11.8.0.202306131047/tools/bin/../lib/gcc/arm-none-eabi/12.2.1/../../../../arm-none-eabi/lib/thumb/v6-m/nofp\libcr_semihost_nf.a(_cr_assert.o) (__Ciob)
c:/nxp/mcuxpressoide_11.8.0_1165/ide/plugins/com.nxp.mcuxpresso.tools.win32_11.8.0.202306131047/tools/bin/../lib/gcc/arm-none-eabi/12.2.1/../../../../arm-none-eabi/lib/thumb/v6-m/nofp\libcr_semihost_nf.a(__sys_appexit.o)
                              c:/nxp/mcuxpressoide_11.8.0_1165/ide/plugins/com.nxp.mcuxpresso.tools.win32_11.8.0.202306131047/tools/bin/../lib/gcc/arm-none-eabi/12.2.1/../../../../arm-none-eabi/lib/thumb/v6-m/nofp\libcr_semihost_nf.a(_cr_assert.o) (__sys_appexit)
c:/nxp/mcuxpressoide_11.8.0_1165/ide/plugins/com.nxp.mcuxpresso.tools.win32_11.8.0.202306131047/tools/bin/../lib/gcc/arm-none-eabi/12.2.1/../../../../arm-none-eabi/lib/thumb/v6-m/nofp\libcr_c.a(memcpy.o)
                              ./drivers/fsl_flash.o (memcpy)
c:/nxp/mcuxpressoide_11.8.0_1165/ide/plugins/com.nxp.mcuxpresso.tools.win32_11.8.0.202306131047/tools/bin/../lib/gcc/arm-none-eabi/12.2.1/../../../../arm-none-eabi/lib/thumb/v6-m/nofp\libcr_c.a(memset.o)
                              ./drivers/fsl_flash.o (memset)
c:/nxp/mcuxpressoide_11.8.0_1165/ide/plugins/com.nxp.mcuxpresso.tools.win32_11.8.0.202306131047/tools/bin/../lib/gcc/arm-none-eabi/12.2.1/../../../../arm-none-eabi/lib/thumb/v6-m/nofp\libcr_c.a(_deferredlazyseek.o)
                              c:/nxp/mcuxpressoide_11.8.0_1165/ide/plugins/com.nxp.mcuxpresso.tools.win32_11.8.0.202306131047/tools/bin/../lib/gcc/arm-none-eabi/12.2.1/../../../../arm-none-eabi/lib/thumb/v6-m/nofp\libcr_semihost_nf.a(_cr_assert.o) (__flsbuf)
c:/nxp/mcuxpressoide_11.8.0_1165/ide/plugins/com.nxp.mcuxpresso.tools.win32_11.8.0.202306131047/tools/bin/../lib/gcc/arm-none-eabi/12.2.1/../../../../arm-none-eabi/lib/thumb/v6-m/nofp\libcr_c.a(_fflush.o)
                              c:/nxp/mcuxpressoide_11.8.0_1165/ide/plugins/com.nxp.mcuxpresso.tools.win32_11.8.0.202306131047/tools/bin/../lib/gcc/arm-none-eabi/12.2.1/../../../../arm-none-eabi/lib/thumb/v6-m/nofp\libcr_c.a(_deferredlazyseek.o) (_fflush)
c:/nxp/mcuxpressoide_11.8.0_1165/ide/plugins/com.nxp.mcuxpresso.tools.win32_11.8.0.202306131047/tools/bin/../lib/gcc/arm-none-eabi/12.2.1/../../../../arm-none-eabi/lib/thumb/v6-m/nofp\libcr_c.a(_writebuf.o)
                              c:/nxp/mcuxpressoide_11.8.0_1165/ide/plugins/com.nxp.mcuxpresso.tools.win32_11.8.0.202306131047/tools/bin/../lib/gcc/arm-none-eabi/12.2.1/../../../../arm-none-eabi/lib/thumb/v6-m/nofp\libcr_c.a(_deferredlazyseek.o) (_Cwritebuf)
c:/nxp/mcuxpressoide_11.8.0_1165/ide/plugins/com.nxp.mcuxpresso.tools.win32_11.8.0.202306131047/tools/bin/../lib/gcc/arm-none-eabi/12.2.1/../../../../arm-none-eabi/lib/thumb/v6-m/nofp\libcr_c.a(alloc.o)
                              c:/nxp/mcuxpressoide_11.8.0_1165/ide/plugins/com.nxp.mcuxpresso.tools.win32_11.8.0.202306131047/tools/bin/../lib/gcc/arm-none-eabi/12.2.1/../../../../arm-none-eabi/lib/thumb/v6-m/nofp\libcr_c.a(_deferredlazyseek.o) (_Csys_alloc)
c:/nxp/mcuxpressoide_11.8.0_1165/ide/plugins/com.nxp.mcuxpresso.tools.win32_11.8.0.202306131047/tools/bin/../lib/gcc/arm-none-eabi/12.2.1/../../../../arm-none-eabi/lib/thumb/v6-m/nofp\libcr_c.a(atan2.o)
                              ./source/mag_readings.o (atan2)
c:/nxp/mcuxpressoide_11.8.0_1165/ide/plugins/com.nxp.mcuxpresso.tools.win32_11.8.0.202306131047/tools/bin/../lib/gcc/arm-none-eabi/12.2.1/../../../../arm-none-eabi/lib/thumb/v6-m/nofp\libcr_c.a(ceil.o)
                              ./source/mag_readings.o (ceil)
c:/nxp/mcuxpressoide_11.8.0_1165/ide/plugins/com.nxp.mcuxpresso.tools.win32_11.8.0.202306131047/tools/bin/../lib/gcc/arm-none-eabi/12.2.1/../../../../arm-none-eabi/lib/thumb/v6-m/nofp\libcr_c.a(errno.o)
                              c:/nxp/mcuxpressoide_11.8.0_1165/ide/plugins/com.nxp.mcuxpresso.tools.win32_11.8.0.202306131047/tools/bin/../lib/gcc/arm-none-eabi/12.2.1/../../../../arm-none-eabi/lib/thumb/v6-m/nofp\libcr_c.a(atan2.o) (errno)
[...]
Memory Configuration

Name             Origin             Length             Attributes
PROGRAM_FLASH    0x00000000         0x00020000         xr
SRAM             0x1ffff000         0x00004000         xrw
*default*        0x00000000         0xffffffff

Linker script and memory map

LOAD ./utilities/fsl_debug_console.o
LOAD ./startup/startup_mkl25z4.o
LOAD ./source/I2C.o
LOAD ./source/QMC_588L_MAG.o
LOAD ./source/Systick.o
LOAD ./source/mag_readings.o
LOAD ./source/mtb.o
LOAD ./source/semihost_hardfault.o
LOAD ./source/tpm.o
LOAD ./drivers/fsl_clock.o
LOAD ./drivers/fsl_common.o
LOAD ./drivers/fsl_flash.o
LOAD ./drivers/fsl_gpio.o
LOAD ./drivers/fsl_lpsci.o
LOAD ./drivers/fsl_smc.o
LOAD ./drivers/fsl_uart.o
LOAD ./board/board.o
LOAD ./board/clock_config.o
LOAD ./board/peripherals.o
LOAD ./board/pin_mux.o
LOAD ./CMSIS/system_MKL25Z4.o
START GROUP
LOAD c:/nxp/mcuxpressoide_11.8.0_1165/ide/plugins/com.nxp.mcuxpresso.tools.win32_11.8.0.202306131047/tools/bin/../lib/gcc/arm-none-eabi/12.2.1/../../../../arm-none-eabi/lib/thumb/v6-m/nofp\libcr_semihost_nf.a
LOAD c:/nxp/mcuxpressoide_11.8.0_1165/ide/plugins/com.nxp.mcuxpresso.tools.win32_11.8.0.202306131047/tools/bin/../lib/gcc/arm-none-eabi/12.2.1/../../../../arm-none-eabi/lib/thumb/v6-m/nofp\libcr_c.a
LOAD c:/nxp/mcuxpressoide_11.8.0_1165/ide/plugins/com.nxp.mcuxpresso.tools.win32_11.8.0.202306131047/tools/bin/../lib/gcc/arm-none-eabi/12.2.1/thumb/v6-m/nofp\libcr_eabihelpers.a
LOAD c:/nxp/mcuxpressoide_11.8.0_1165/ide/plugins/com.nxp.mcuxpresso.tools.win32_11.8.0.202306131047/tools/bin/../lib/gcc/arm-none-eabi/12.2.1/thumb/v6-m/nofp\libgcc.a
END GROUP
                0x00000000                __base_PROGRAM_FLASH = 0x0
                0x00000000                __base_Flash = 0x0
                0x00020000                __top_PROGRAM_FLASH = 0x20000
                0x00020000                __top_Flash = 0x20000
                0x1ffff000                __base_SRAM = 0x1ffff000
                0x1ffff000                __base_RAM = 0x1ffff000
                0x20003000                __top_SRAM = 0x20003000
                0x20003000                __top_RAM = 0x20003000

.text           0x00000000     0x4d28
 FILL mask 0xff
                0x00000000                __vectors_start__ = ABSOLUTE (.)
 *(SORT_BY_ALIGNMENT(.isr_vector))
 .isr_vector    0x00000000       0xc0 ./startup/startup_mkl25z4.o
                0x00000000                g_pfnVectors
                0x00000000                __Vectors
                0x000000c0                . = ALIGN (0x4)
                0x000000c0                __section_table_start = .
                0x000000c0                __data_section_table = .
                0x000000c0        0x4 LONG 0x4d28 LOADADDR (.data)
                0x000000c4        0x4 LONG 0x1ffff080 ADDR (.data)
                0x000000c8        0x4 LONG 0x8 SIZEOF (.data)
                0x000000cc                __data_section_table_end = .
                0x000000cc                __bss_section_table = .
                0x000000cc        0x4 LONG 0x1ffff088 ADDR (.bss)
                0x000000d0        0x4 LONG 0x128 SIZEOF (.bss)
                0x000000d4                __bss_section_table_end = .
                0x000000d4                __section_table_end = .
 *(SORT_BY_ALIGNMENT(.after_vectors*))
 .after_vectors.reset
                0x000000d4       0x4c ./startup/startup_mkl25z4.o
                0x000000d4                ResetISR
 .after_vectors.init_data
                0x00000120       0x12 ./startup/startup_mkl25z4.o
                0x00000120                data_init
 .after_vectors.init_bss
                0x00000132       0x10 ./startup/startup_mkl25z4.o
                0x00000132                bss_init
 .after_vectors
                0x00000142      0x10c ./startup/startup_mkl25z4.o
                0x00000142                NMI_Handler
                0x00000146                SVC_Handler
                0x00000148                PendSV_Handler
                0x0000014c                SPI1_DriverIRQHandler
                0x0000014c                LPTMR0_DriverIRQHandler
                0x0000014c                DMA0_DriverIRQHandler
                0x0000014c                I2C0_DriverIRQHandler
                0x0000014c                Reserved39_DriverIRQHandler
                0x0000014c                PORTD_DriverIRQHandler
                0x0000014c                DMA2_DriverIRQHandler
                0x0000014c                CMP0_DriverIRQHandler
                0x0000014c                TPM2_DriverIRQHandler
                0x0000014c                ADC0_DriverIRQHandler
                0x0000014c                SPI0_DriverIRQHandler
                0x0000014c                TSI0_DriverIRQHandler
                0x0000014c                RTC_Seconds_DriverIRQHandler
                0x0000014c                I2C1_DriverIRQHandler
                0x0000014c                DMA1_DriverIRQHandler
                0x0000014c                LLWU_DriverIRQHandler
                0x0000014c                MCG_DriverIRQHandler
                0x0000014c                PIT_DriverIRQHandler
                0x0000014c                RTC_DriverIRQHandler
                0x0000014c                TPM1_DriverIRQHandler
                0x0000014c                FTFA_DriverIRQHandler
                0x0000014c                IntDefaultHandler
                0x0000014c                USB0_DriverIRQHandler
                0x0000014c                DAC0_DriverIRQHandler
                0x0000014c                PORTA_DriverIRQHandler
                0x0000014c                LVD_LVW_DriverIRQHandler
                0x0000014c                TPM0_DriverIRQHandler
                0x0000014c                Reserved45_DriverIRQHandler
                0x0000014c                DMA3_DriverIRQHandler
                0x0000014c                Reserved20_DriverIRQHandler
                0x0000014e                DMA0_IRQHandler
                0x00000156                DMA1_IRQHandler
                0x0000015e                DMA2_IRQHandler
                0x00000166                DMA3_IRQHandler
                0x0000016e                Reserved20_IRQHandler
                0x00000176                FTFA_IRQHandler
                0x0000017e                LVD_LVW_IRQHandler
                0x00000186                LLWU_IRQHandler
                0x0000018e                I2C0_IRQHandler
                0x00000196                I2C1_IRQHandler
                0x0000019e                SPI0_IRQHandler
                0x000001a6                SPI1_IRQHandler
                0x000001ae                UART0_IRQHandler
                0x000001b6                UART1_IRQHandler
                0x000001be                UART2_IRQHandler
                0x000001c6                ADC0_IRQHandler
                0x000001ce                CMP0_IRQHandler
                0x000001d6                TPM0_IRQHandler
                0x000001de                TPM1_IRQHandler
                0x000001e6                TPM2_IRQHandler
                0x000001ee                RTC_IRQHandler
                0x000001f6                RTC_Seconds_IRQHandler
                0x000001fe                PIT_IRQHandler
                0x00000206                Reserved39_IRQHandler
                0x0000020e                USB0_IRQHandler
                0x00000216                DAC0_IRQHandler
                0x0000021e                TSI0_IRQHandler
                0x00000226                MCG_IRQHandler
                0x0000022e                LPTMR0_IRQHandler
                0x00000236                Reserved45_IRQHandler
                0x0000023e                PORTA_IRQHandler
                0x00000246                PORTD_IRQHandler
                0x00000400                . = 0x400
 *fill*         0x0000024e      0x1b2 ff
                0x00000400                PROVIDE (__FLASH_CONFIG_START__ = .)
 *(SORT_BY_ALIGNMENT(.FlashConfig))
 .FlashConfig   0x00000400       0x10 ./startup/startup_mkl25z4.o
                0x00000400                Flash_Config
                0x00000410                PROVIDE (__FLASH_CONFIG_END__ = .)
                0x00000001                ASSERT (! ((__FLASH_CONFIG_START__ == __FLASH_CONFIG_END__)), Linker Flash Config Support Enabled, but no .FlashConfig section provided within application)
 *(SORT_BY_ALIGNMENT(.text*))
 .text.DbgConsole_Init
                0x00000410       0xf4 ./utilities/fsl_debug_console.o
                0x00000410                DbgConsole_Init
 .text.i2c_init
                0x00000504       0x84 ./source/I2C.o
                0x00000504                i2c_init
 .text.i2c_write_byte
                0x00000588       0xcc ./source/I2C.o
                0x00000588                i2c_write_byte
 .text.i2c_read_bytes
                0x00000654      0x294 ./source/I2C.o
                0x00000654                i2c_read_bytes
 .text.status_register_ready_check
                0x000008e8       0x34 ./source/I2C.o
                0x000008e8                status_register_ready_check
 .text.status_config
                0x0000091c       0xb0 ./source/I2C.o
                0x0000091c                status_config
 .text.NVIC_SetPriority
                0x000009cc       0xdc ./source/Systick.o
 .text.Init_SysTick
                0x00000aa8       0x2c ./source/Systick.o
                0x00000aa8                Init_SysTick
 .text.SysTick_Handler
                0x00000ad4       0x18 ./source/Systick.o
                0x00000ad4                SysTick_Handler
 .text.get_timer_now
                0x00000aec       0x14 ./source/Systick.o
                0x00000aec                get_timer_now
 .text.systick_enable
                0x00000b00       0x14 ./source/Systick.o
                0x00000b00                systick_enable
 .text.convert_to_signed
                0x00000b14       0x94 ./source/mag_readings.o
                0x00000b14                convert_to_signed
 .text.mag_read
                0x00000ba8      0x134 ./source/mag_readings.o
                0x00000ba8                mag_read
 .text.calculate_azimuthal
                0x00000cdc       0xac ./source/mag_readings.o
                0x00000cdc                calculate_azimuthal
 .text.getBearing
                0x00000d88       0xd0 ./source/mag_readings.o
                0x00000d88                getBearing
 .text.HardFault_Handler
                0x00000e58       0x38 ./source/semihost_hardfault.o
                0x00000e58                HardFault_Handler
 .text.Init_RGB_LED_PWM
                0x00000e90       0xe0 ./source/tpm.o
                0x00000e90                Init_RGB_LED_PWM
 .text.Init_speaker_pwm
                0x00000f70       0x88 ./source/tpm.o
                0x00000f70                Init_speaker_pwm
 .text.initLEDs
                0x00000ff8       0xb4 ./source/tpm.o
                0x00000ff8                initLEDs
 .text.CLOCK_SetEr32kClock
                0x000010ac       0x34 ./drivers/fsl_clock.o
 .text.CLOCK_SetPllFllSelClock
                0x000010e0       0x38 ./drivers/fsl_clock.o
 .text.CLOCK_GetMcgExtClkFreq
                0x00001118       0x28 ./drivers/fsl_clock.o
 .text.CLOCK_GetFllExtRefClkFreq
                0x00001140       0xa8 ./drivers/fsl_clock.o
 .text.CLOCK_GetFllRefClkFreq
                0x000011e8       0x2c ./drivers/fsl_clock.o
 .text.CLOCK_GetOscRangeFromFreq
                0x00001214       0x4c ./drivers/fsl_clock.o
 .text.CLOCK_GetPllFllSelClkFreq
                0x00001260       0x4c ./drivers/fsl_clock.o
                0x00001260                CLOCK_GetPllFllSelClkFreq
 .text.CLOCK_SetSimConfig
                0x000012ac       0x38 ./drivers/fsl_clock.o
                0x000012ac                CLOCK_SetSimConfig
 .text.CLOCK_GetFllFreq
                0x000012e4       0x84 ./drivers/fsl_clock.o
                0x000012e4                CLOCK_GetFllFreq
 .text.CLOCK_GetPll0Freq
                0x00001368       0x70 ./drivers/fsl_clock.o
                0x00001368                CLOCK_GetPll0Freq
 .text.CLOCK_SetInternalRefClkConfig
                0x000013d8      0x124 ./drivers/fsl_clock.o
                0x000013d8                CLOCK_SetInternalRefClkConfig
 .text.CLOCK_EnablePll0
                0x000014fc       0x94 ./drivers/fsl_clock.o
                0x000014fc                CLOCK_EnablePll0
 .text.CLOCK_InitOsc0
                0x00001590       0x94 ./drivers/fsl_clock.o
                0x00001590                CLOCK_InitOsc0
 .text.CLOCK_SetPbeMode
                0x00001624       0xb0 ./drivers/fsl_clock.o
                0x00001624                CLOCK_SetPbeMode
 .text.CLOCK_BootToPeeMode
                0x000016d4       0x70 ./drivers/fsl_clock.o
                0x000016d4                CLOCK_BootToPeeMode
 .text.CLOCK_EnableClock
                0x00001744       0x34 ./drivers/fsl_lpsci.o
 .text.LPSCI_GetInstance
                0x00001778       0x48 ./drivers/fsl_lpsci.o
                0x00001778                LPSCI_GetInstance
 .text.LPSCI_Init
                0x000017c0      0x258 ./drivers/fsl_lpsci.o
                0x000017c0                LPSCI_Init
 .text.LPSCI_GetDefaultConfig
                0x00001a18       0x44 ./drivers/fsl_lpsci.o
                0x00001a18                LPSCI_GetDefaultConfig
 .text.LPSCI_ClearStatusFlags
                0x00001a5c       0x94 ./drivers/fsl_lpsci.o
                0x00001a5c                LPSCI_ClearStatusFlags
 .text.LPSCI_WriteBlocking
                0x00001af0       0x4c ./drivers/fsl_lpsci.o
                0x00001af0                LPSCI_WriteBlocking
 .text.LPSCI_ReadBlocking
                0x00001b3c       0xc0 ./drivers/fsl_lpsci.o
                0x00001b3c                LPSCI_ReadBlocking
 .text.UART0_DriverIRQHandler
                0x00001bfc       0x24 ./drivers/fsl_lpsci.o
                0x00001bfc                UART0_DriverIRQHandler
 .text.CLOCK_EnableClock
                0x00001c20       0x34 ./drivers/fsl_uart.o
 .text.UART_GetInstance
                0x00001c54       0x54 ./drivers/fsl_uart.o
                0x00001c54                UART_GetInstance
 .text.UART_Init
                0x00001ca8      0x1e0 ./drivers/fsl_uart.o
                0x00001ca8                UART_Init
 .text.UART_GetDefaultConfig
                0x00001e88       0x44 ./drivers/fsl_uart.o
                0x00001e88                UART_GetDefaultConfig
 .text.UART_ReadBlocking
                0x00001ecc       0x98 ./drivers/fsl_uart.o
                0x00001ecc                UART_ReadBlocking
 .text.UART1_DriverIRQHandler
                0x00001f64       0x24 ./drivers/fsl_uart.o
                0x00001f64                UART1_DriverIRQHandler
 .text.UART2_DriverIRQHandler
                0x00001f88       0x24 ./drivers/fsl_uart.o
                0x00001f88                UART2_DriverIRQHandler
 .text.CLOCK_SetLpsci0Clock
                0x00001fac       0x38 ./board/board.o
 .text.BOARD_InitDebugConsole
                0x00001fe4       0x30 ./board/board.o
                0x00001fe4                BOARD_InitDebugConsole
 .text.CLOCK_SetSimSafeDivs
                0x00002014       0x20 ./board/clock_config.o
 .text.CLOCK_SetXtal0Freq
                0x00002034       0x1c ./board/clock_config.o
 .text.CLOCK_CONFIG_SetFllExtRefDiv
                0x00002050       0x3c ./board/clock_config.o
 .text.BOARD_BootClockRUN
                0x0000208c       0x64 ./board/clock_config.o
                0x0000208c                BOARD_BootClockRUN
 .text.CLOCK_EnableClock
                0x000020f0       0x34 ./board/pin_mux.o
 .text.PORT_SetPinMux
                0x00002124       0x40 ./board/pin_mux.o
 .text.BOARD_InitPins
                0x00002164       0x4c ./board/pin_mux.o
                0x00002164                BOARD_InitPins
 .text.SystemInit
                0x000021b0       0x18 ./CMSIS/system_MKL25Z4.o
                0x000021b0                SystemInit
 .text.__assertion_failed
                0x000021c8       0x50 c:/nxp/mcuxpressoide_11.8.0_1165/ide/plugins/com.nxp.mcuxpresso.tools.win32_11.8.0.202306131047/tools/bin/../lib/gcc/arm-none-eabi/12.2.1/../../../../arm-none-eabi/lib/thumb/v6-m/nofp\libcr_semihost_nf.a(_cr_assert.o)
                0x000021c8                __assertion_failed
 .text.__sys_appexit
                0x00002218        0xc c:/nxp/mcuxpressoide_11.8.0_1165/ide/plugins/com.nxp.mcuxpresso.tools.win32_11.8.0.202306131047/tools/bin/../lib/gcc/arm-none-eabi/12.2.1/../../../../arm-none-eabi/lib/thumb/v6-m/nofp\libcr_semihost_nf.a(__sys_appexit.o)
                0x00002218                __sys_appexit
                0x00002218                __exit
 .text._deferredlazyseek
                0x00002224       0x40 c:/nxp/mcuxpressoide_11.8.0_1165/ide/plugins/com.nxp.mcuxpresso.tools.win32_11.8.0.202306131047/tools/bin/../lib/gcc/arm-none-eabi/12.2.1/../../../../arm-none-eabi/lib/thumb/v6-m/nofp\libcr_c.a(_deferredlazyseek.o)
                0x00002224                _deferredlazyseek
 .text.__flsbuf
                0x00002264      0x150 c:/nxp/mcuxpressoide_11.8.0_1165/ide/plugins/com.nxp.mcuxpresso.tools.win32_11.8.0.202306131047/tools/bin/../lib/gcc/arm-none-eabi/12.2.1/../../../../arm-none-eabi/lib/thumb/v6-m/nofp\libcr_c.a(_deferredlazyseek.o)
                0x00002264                __flsbuf
 .text._fflush  0x000023b4       0x5c c:/nxp/mcuxpressoide_11.8.0_1165/ide/plugins/com.nxp.mcuxpresso.tools.win32_11.8.0.202306131047/tools/bin/../lib/gcc/arm-none-eabi/12.2.1/../../../../arm-none-eabi/lib/thumb/v6-m/nofp\libcr_c.a(_fflush.o)
                0x000023b4                _fflush
 .text._Cwritebuf
                0x00002410       0x68 c:/nxp/mcuxpressoide_11.8.0_1165/ide/plugins/com.nxp.mcuxpresso.tools.win32_11.8.0.202306131047/tools/bin/../lib/gcc/arm-none-eabi/12.2.1/../../../../arm-none-eabi/lib/thumb/v6-m/nofp\libcr_c.a(_writebuf.o)
                0x00002410                _Cwritebuf
 .text.malloc   0x00002478       0xdc c:/nxp/mcuxpressoide_11.8.0_1165/ide/plugins/com.nxp.mcuxpresso.tools.win32_11.8.0.202306131047/tools/bin/../lib/gcc/arm-none-eabi/12.2.1/../../../../arm-none-eabi/lib/thumb/v6-m/nofp\libcr_c.a(alloc.o)
                0x00002478                malloc
 .text._Csys_alloc
                0x00002554       0x20 c:/nxp/mcuxpressoide_11.8.0_1165/ide/plugins/com.nxp.mcuxpresso.tools.win32_11.8.0.202306131047/tools/bin/../lib/gcc/arm-none-eabi/12.2.1/../../../../arm-none-eabi/lib/thumb/v6-m/nofp\libcr_c.a(alloc.o)
                0x00002554                _Csys_alloc
 .text.atan2    0x00002574      0x108 c:/nxp/mcuxpressoide_11.8.0_1165/ide/plugins/com.nxp.mcuxpresso.tools.win32_11.8.0.202306131047/tools/bin/../lib/gcc/arm-none-eabi/12.2.1/../../../../arm-none-eabi/lib/thumb/v6-m/nofp\libcr_c.a(atan2.o)
                0x00002574                atan2
 .text.ceil     0x0000267c       0x9c c:/nxp/mcuxpressoide_11.8.0_1165/ide/plugins/com.nxp.mcuxpresso.tools.win32_11.8.0.202306131047/tools/bin/../lib/gcc/arm-none-eabi/12.2.1/../../../../arm-none-eabi/lib/thumb/v6-m/nofp\libcr_c.a(ceil.o)
                0x0000267c                ceil
 .text.floor    0x00002718       0xa0 c:/nxp/mcuxpressoide_11.8.0_1165/ide/plugins/com.nxp.mcuxpresso.tools.win32_11.8.0.202306131047/tools/bin/../lib/gcc/arm-none-eabi/12.2.1/../../../../arm-none-eabi/lib/thumb/v6-m/nofp\libcr_c.a(floor.o)
                0x00002718                floor
 .text.fseek    0x000027b8       0xec c:/nxp/mcuxpressoide_11.8.0_1165/ide/plugins/com.nxp.mcuxpresso.tools.win32_11.8.0.202306131047/tools/bin/../lib/gcc/arm-none-eabi/12.2.1/../../../../arm-none-eabi/lib/thumb/v6-m/nofp\libcr_c.a(fseek.o)
                0x000027b8                fseek
 .text.ftell    0x000028a4       0x4c c:/nxp/mcuxpressoide_11.8.0_1165/ide/plugins/com.nxp.mcuxpresso.tools.win32_11.8.0.202306131047/tools/bin/../lib/gcc/arm-none-eabi/12.2.1/../../../../arm-none-eabi/lib/thumb/v6-m/nofp\libcr_c.a(ftell.o)
                0x000028a4                ftell
 .text._initio  0x000028f0       0x7c c:/nxp/mcuxpressoide_11.8.0_1165/ide/plugins/com.nxp.mcuxpresso.tools.win32_11.8.0.202306131047/tools/bin/../lib/gcc/arm-none-eabi/12.2.1/../../../../arm-none-eabi/lib/thumb/v6-m/nofp\libcr_c.a(initio.o)
                0x000028f0                _initio
 .text.__vfprintf
                0x0000296c      0xd88 c:/nxp/mcuxpressoide_11.8.0_1165/ide/plugins/com.nxp.mcuxpresso.tools.win32_11.8.0.202306131047/tools/bin/../lib/gcc/arm-none-eabi/12.2.1/../../../../arm-none-eabi/lib/thumb/v6-m/nofp\libcr_c.a(printf.o)
                0x0000296c                __vfprintf
 .text._vsnprintf
                0x000036f4       0x70 c:/nxp/mcuxpressoide_11.8.0_1165/ide/plugins/com.nxp.mcuxpresso.tools.win32_11.8.0.202306131047/tools/bin/../lib/gcc/arm-none-eabi/12.2.1/../../../../arm-none-eabi/lib/thumb/v6-m/nofp\libcr_c.a(printf.o)
                0x000036f4                _vsnprintf
 .text._printf  0x00003764       0x50 c:/nxp/mcuxpressoide_11.8.0_1165/ide/plugins/com.nxp.mcuxpresso.tools.win32_11.8.0.202306131047/tools/bin/../lib/gcc/arm-none-eabi/12.2.1/../../../../arm-none-eabi/lib/thumb/v6-m/nofp\libcr_c.a(printf.o)
                0x00003764                _printf
 .text.setvbuf  0x000037b4       0x4c c:/nxp/mcuxpressoide_11.8.0_1165/ide/plugins/com.nxp.mcuxpresso.tools.win32_11.8.0.202306131047/tools/bin/../lib/gcc/arm-none-eabi/12.2.1/../../../../arm-none-eabi/lib/thumb/v6-m/nofp\libcr_c.a(setvbuf.o)
                0x000037b4                setvbuf
 .text.strlen   0x00003800       0x5c c:/nxp/mcuxpressoide_11.8.0_1165/ide/plugins/com.nxp.mcuxpresso.tools.win32_11.8.0.202306131047/tools/bin/../lib/gcc/arm-none-eabi/12.2.1/../../../../arm-none-eabi/lib/thumb/v6-m/nofp\libcr_c.a(strlen.o)
                0x00003800                strlen
 .text._sbrk    0x0000385c       0x44 c:/nxp/mcuxpressoide_11.8.0_1165/ide/plugins/com.nxp.mcuxpresso.tools.win32_11.8.0.202306131047/tools/bin/../lib/gcc/arm-none-eabi/12.2.1/../../../../arm-none-eabi/lib/thumb/v6-m/nofp\libcr_c.a(_cr_sbrk.o)
                0x0000385c                _sbrk
 .text._fdopen  0x000038a0       0x74 c:/nxp/mcuxpressoide_11.8.0_1165/ide/plugins/com.nxp.mcuxpresso.tools.win32_11.8.0.202306131047/tools/bin/../lib/gcc/arm-none-eabi/12.2.1/../../../../arm-none-eabi/lib/thumb/v6-m/nofp\libcr_c.a(_fdopen.o)
                0x000038a0                _fdopen
 .text.atan     0x00003914      0x204 c:/nxp/mcuxpressoide_11.8.0_1165/ide/plugins/com.nxp.mcuxpresso.tools.win32_11.8.0.202306131047/tools/bin/../lib/gcc/arm-none-eabi/12.2.1/../../../../arm-none-eabi/lib/thumb/v6-m/nofp\libcr_c.a(atan.o)
                0x00003914                atan
 .text.fclose   0x00003b18       0x5c c:/nxp/mcuxpressoide_11.8.0_1165/ide/plugins/com.nxp.mcuxpresso.tools.win32_11.8.0.202306131047/tools/bin/../lib/gcc/arm-none-eabi/12.2.1/../../../../arm-none-eabi/lib/thumb/v6-m/nofp\libcr_c.a(fclose.o)
                0x00003b18                fclose
 .text.fflush   0x00003b74       0x40 c:/nxp/mcuxpressoide_11.8.0_1165/ide/plugins/com.nxp.mcuxpresso.tools.win32_11.8.0.202306131047/tools/bin/../lib/gcc/arm-none-eabi/12.2.1/../../../../arm-none-eabi/lib/thumb/v6-m/nofp\libcr_c.a(fflush.o)
                0x00003b74                fflush
 .text.__check_heap_overflow
                0x00003bb4       0x18 c:/nxp/mcuxpressoide_11.8.0_1165/ide/plugins/com.nxp.mcuxpresso.tools.win32_11.8.0.202306131047/tools/bin/../lib/gcc/arm-none-eabi/12.2.1/../../../../arm-none-eabi/lib/thumb/v6-m/nofp\libcr_c.a(_cr_check_heap.o)
                0x00003bb4                __check_heap_overflow
 .text._do_fflush
                0x00003bcc       0x48 c:/nxp/mcuxpressoide_11.8.0_1165/ide/plugins/com.nxp.mcuxpresso.tools.win32_11.8.0.202306131047/tools/bin/../lib/gcc/arm-none-eabi/12.2.1/../../../../arm-none-eabi/lib/thumb/v6-m/nofp\libcr_c.a(_do_fflush.o)
                0x00003bcc                _do_fflush
 .text.__aeabi_dmul
                0x00003c14      0x194 c:/nxp/mcuxpressoide_11.8.0_1165/ide/plugins/com.nxp.mcuxpresso.tools.win32_11.8.0.202306131047/tools/bin/../lib/gcc/arm-none-eabi/12.2.1/thumb/v6-m/nofp\libcr_eabihelpers.a(double.o)
                0x00003c14                __aeabi_dmul
 .text.__aeabi_ddiv
                0x00003da8      0x164 c:/nxp/mcuxpressoide_11.8.0_1165/ide/plugins/com.nxp.mcuxpresso.tools.win32_11.8.0.202306131047/tools/bin/../lib/gcc/arm-none-eabi/12.2.1/thumb/v6-m/nofp\libcr_eabihelpers.a(double.o)
                0x00003da8                __aeabi_ddiv
 .text.__aeabi_dsub
                0x00003f0c      0x1d4 c:/nxp/mcuxpressoide_11.8.0_1165/ide/plugins/com.nxp.mcuxpresso.tools.win32_11.8.0.202306131047/tools/bin/../lib/gcc/arm-none-eabi/12.2.1/thumb/v6-m/nofp\libcr_eabihelpers.a(double.o)
                0x00003f0c                __aeabi_dsub
 .text.__aeabi_dadd
                0x000040e0      0x150 c:/nxp/mcuxpressoide_11.8.0_1165/ide/plugins/com.nxp.mcuxpresso.tools.win32_11.8.0.202306131047/tools/bin/../lib/gcc/arm-none-eabi/12.2.1/thumb/v6-m/nofp\libcr_eabihelpers.a(double.o)
                0x000040e0                __aeabi_dadd
 .text.__aeabi_d2f
                0x00004230       0x64 c:/nxp/mcuxpressoide_11.8.0_1165/ide/plugins/com.nxp.mcuxpresso.tools.win32_11.8.0.202306131047/tools/bin/../lib/gcc/arm-none-eabi/12.2.1/thumb/v6-m/nofp\libcr_eabihelpers.a(double.o)
                0x00004230                __aeabi_d2f
 .text.__aeabi_d2iz
                0x00004294       0x50 c:/nxp/mcuxpressoide_11.8.0_1165/ide/plugins/com.nxp.mcuxpresso.tools.win32_11.8.0.202306131047/tools/bin/../lib/gcc/arm-none-eabi/12.2.1/thumb/v6-m/nofp\libcr_eabihelpers.a(double.o)
                0x00004294                __aeabi_d2iz
 .text.__aeabi_d2uiz
                0x000042e4       0x38 c:/nxp/mcuxpressoide_11.8.0_1165/ide/plugins/com.nxp.mcuxpresso.tools.win32_11.8.0.202306131047/tools/bin/../lib/gcc/arm-none-eabi/12.2.1/thumb/v6-m/nofp\libcr_eabihelpers.a(double.o)
                0x000042e4                __aeabi_d2uiz
 .text.__aeabi_dcmpeq
                0x0000431c       0x40 c:/nxp/mcuxpressoide_11.8.0_1165/ide/plugins/com.nxp.mcuxpresso.tools.win32_11.8.0.202306131047/tools/bin/../lib/gcc/arm-none-eabi/12.2.1/thumb/v6-m/nofp\libcr_eabihelpers.a(double.o)
                0x0000431c                __aeabi_dcmpeq
 .text.__aeabi_dcmplt
                0x0000435c       0x74 c:/nxp/mcuxpressoide_11.8.0_1165/ide/plugins/com.nxp.mcuxpresso.tools.win32_11.8.0.202306131047/tools/bin/../lib/gcc/arm-none-eabi/12.2.1/thumb/v6-m/nofp\libcr_eabihelpers.a(double.o)
                0x0000435c                __aeabi_dcmplt
 .text.__aeabi_dcmpgt
                0x000043d0       0x60 c:/nxp/mcuxpressoide_11.8.0_1165/ide/plugins/com.nxp.mcuxpresso.tools.win32_11.8.0.202306131047/tools/bin/../lib/gcc/arm-none-eabi/12.2.1/thumb/v6-m/nofp\libcr_eabihelpers.a(double.o)
                0x000043d0                __aeabi_dcmpgt
 .text.__aeabi_dcmpge
                0x00004430       0x68 c:/nxp/mcuxpressoide_11.8.0_1165/ide/plugins/com.nxp.mcuxpresso.tools.win32_11.8.0.202306131047/tools/bin/../lib/gcc/arm-none-eabi/12.2.1/thumb/v6-m/nofp\libcr_eabihelpers.a(double.o)
                0x00004430                __aeabi_dcmpge
 .text.__aeabi_f2iz
                0x00004498       0x34 c:/nxp/mcuxpressoide_11.8.0_1165/ide/plugins/com.nxp.mcuxpresso.tools.win32_11.8.0.202306131047/tools/bin/../lib/gcc/arm-none-eabi/12.2.1/thumb/v6-m/nofp\libcr_eabihelpers.a(float.o)
                0x00004498                __aeabi_f2iz
 .text.__aeabi_f2d
                0x000044cc       0x40 c:/nxp/mcuxpressoide_11.8.0_1165/ide/plugins/com.nxp.mcuxpresso.tools.win32_11.8.0.202306131047/tools/bin/../lib/gcc/arm-none-eabi/12.2.1/thumb/v6-m/nofp\libcr_eabihelpers.a(float.o)
                0x000044cc                __aeabi_f2d
 .text.UART_EnableTx
                0x0000450c       0x40 ./utilities/fsl_debug_console.o
 .text.UART_EnableRx
                0x0000454c       0x40 ./utilities/fsl_debug_console.o
 .text.LPSCI_EnableTx
                0x0000458c       0x40 ./utilities/fsl_debug_console.o
 .text.LPSCI_EnableRx
                0x000045cc       0x40 ./utilities/fsl_debug_console.o
 .text.main     0x0000460c       0x30 ./source/QMC_588L_MAG.o
                0x0000460c                main
 .text.OSC_SetExtRefClkConfig
                0x0000463c       0x3e ./drivers/fsl_clock.o
 .text.OSC_SetCapLoad
                0x0000467a       0x42 ./drivers/fsl_clock.o
 .text.CLOCK_GetPll0RefFreq
                0x000046bc       0x10 ./drivers/fsl_clock.o
 .text.CLOCK_SetExternalRefClkConfig
                0x000046cc       0x16 ./drivers/fsl_clock.o
                0x000046cc                CLOCK_SetExternalRefClkConfig
 .text.LPSCI_GetStatusFlags
                0x000046e2       0x26 ./drivers/fsl_lpsci.o
                0x000046e2                LPSCI_GetStatusFlags
 .text.UART_GetStatusFlags
                0x00004708       0x26 ./drivers/fsl_uart.o
                0x00004708                UART_GetStatusFlags
 .text.UART_WriteBlocking
                0x0000472e       0x3c ./drivers/fsl_uart.o
                0x0000472e                UART_WriteBlocking
 .text.BOARD_InitBootClocks
                0x0000476a        0xe ./board/clock_config.o
                0x0000476a                BOARD_InitBootClocks
 .text.BOARD_InitBootPeripherals
                0x00004778        0xa ./board/peripherals.o
                0x00004778                BOARD_InitBootPeripherals
 .text.BOARD_InitBootPins
                0x00004782        0xe ./board/pin_mux.o
                0x00004782                BOARD_InitBootPins
 .text.__main   0x00004790        0xc c:/nxp/mcuxpressoide_11.8.0_1165/ide/plugins/com.nxp.mcuxpresso.tools.win32_11.8.0.202306131047/tools/bin/../lib/gcc/arm-none-eabi/12.2.1/../../../../arm-none-eabi/lib/thumb/v6-m/nofp\libcr_semihost_nf.a(_cr__main.o)
                0x00004790                __CR_SEMIHOST
                0x00004790                __main
 .text.memset   0x0000479c        0x8 c:/nxp/mcuxpressoide_11.8.0_1165/ide/plugins/com.nxp.mcuxpresso.tools.win32_11.8.0.202306131047/tools/bin/../lib/gcc/arm-none-eabi/12.2.1/../../../../arm-none-eabi/lib/thumb/v6-m/nofp\libcr_c.a(memset.o)
                0x0000479c                memset
 .text.free     0x000047a4       0x2c c:/nxp/mcuxpressoide_11.8.0_1165/ide/plugins/com.nxp.mcuxpresso.tools.win32_11.8.0.202306131047/tools/bin/../lib/gcc/arm-none-eabi/12.2.1/../../../../arm-none-eabi/lib/thumb/v6-m/nofp\libcr_c.a(alloc.o)
                0x000047a4                free
 .text.fabs     0x000047d0       0x20 c:/nxp/mcuxpressoide_11.8.0_1165/ide/plugins/com.nxp.mcuxpresso.tools.win32_11.8.0.202306131047/tools/bin/../lib/gcc/arm-none-eabi/12.2.1/../../../../arm-none-eabi/lib/thumb/v6-m/nofp\libcr_c.a(fabs.o)
                0x000047d0                fabs
 .text.fputs    0x000047f0       0x2e c:/nxp/mcuxpressoide_11.8.0_1165/ide/plugins/com.nxp.mcuxpresso.tools.win32_11.8.0.202306131047/tools/bin/../lib/gcc/arm-none-eabi/12.2.1/../../../../arm-none-eabi/lib/thumb/v6-m/nofp\libcr_c.a(fputs.o)
                0x000047f0                fputs
 .text.no_fp_display
                0x0000481e        0x4 c:/nxp/mcuxpressoide_11.8.0_1165/ide/plugins/com.nxp.mcuxpresso.tools.win32_11.8.0.202306131047/tools/bin/../lib/gcc/arm-none-eabi/12.2.1/../../../../arm-none-eabi/lib/thumb/v6-m/nofp\libcr_c.a(printf.o)
 .text.remove   0x00004822       0x12 c:/nxp/mcuxpressoide_11.8.0_1165/ide/plugins/com.nxp.mcuxpresso.tools.win32_11.8.0.202306131047/tools/bin/../lib/gcc/arm-none-eabi/12.2.1/../../../../arm-none-eabi/lib/thumb/v6-m/nofp\libcr_c.a(remove.o)
                0x00004822                remove
 .text.__aeabi_division_idivmod
                0x00004834       0x78 c:/nxp/mcuxpressoide_11.8.0_1165/ide/plugins/com.nxp.mcuxpresso.tools.win32_11.8.0.202306131047/tools/bin/../lib/gcc/arm-none-eabi/12.2.1/thumb/v6-m/nofp\libcr_eabihelpers.a(division_32.o)
                0x00004834                __aeabi_idivmod
                0x00004834                __aeabi_idiv
                0x0000483a                __aeabi_uidivmod
                0x0000483a                __aeabi_uidiv
 .text.__aeabi_division_idiv0
                0x000048ac        0x2 c:/nxp/mcuxpressoide_11.8.0_1165/ide/plugins/com.nxp.mcuxpresso.tools.win32_11.8.0.202306131047/tools/bin/../lib/gcc/arm-none-eabi/12.2.1/thumb/v6-m/nofp\libcr_eabihelpers.a(division_idiv0.o)
                0x000048ac                __aeabi_idiv0
 .text.__bhs_ui2d
                0x000048ae       0x5e c:/nxp/mcuxpressoide_11.8.0_1165/ide/plugins/com.nxp.mcuxpresso.tools.win32_11.8.0.202306131047/tools/bin/../lib/gcc/arm-none-eabi/12.2.1/thumb/v6-m/nofp\libcr_eabihelpers.a(double.o)
                0x000048ae                __bhs_ui2d
 .text.__aeabi_i2d
                0x0000490c       0x18 c:/nxp/mcuxpressoide_11.8.0_1165/ide/plugins/com.nxp.mcuxpresso.tools.win32_11.8.0.202306131047/tools/bin/../lib/gcc/arm-none-eabi/12.2.1/thumb/v6-m/nofp\libcr_eabihelpers.a(double.o)
                0x0000490c                __aeabi_i2d
 .text.__aeabi_llong_lmul
                0x00004924       0x2e c:/nxp/mcuxpressoide_11.8.0_1165/ide/plugins/com.nxp.mcuxpresso.tools.win32_11.8.0.202306131047/tools/bin/../lib/gcc/arm-none-eabi/12.2.1/thumb/v6-m/nofp\libcr_eabihelpers.a(llong.o)
                0x00004924                __aeabi_lmul
 .text.__aeabi_memset_lowlevel
                0x00004952       0x2a c:/nxp/mcuxpressoide_11.8.0_1165/ide/plugins/com.nxp.mcuxpresso.tools.win32_11.8.0.202306131047/tools/bin/../lib/gcc/arm-none-eabi/12.2.1/thumb/v6-m/nofp\libcr_eabihelpers.a(memcpy.o)
                0x00004952                __aeabi_lowlevel_memset
 .text.__gnu_thumb1_case_uqi
                0x0000497c       0x10 c:/nxp/mcuxpressoide_11.8.0_1165/ide/plugins/com.nxp.mcuxpresso.tools.win32_11.8.0.202306131047/tools/bin/../lib/gcc/arm-none-eabi/12.2.1/thumb/v6-m/nofp\libcr_eabihelpers.a(thumb1_switch_helpers.o)
                0x0000497c                __gnu_thumb1_case_uqi
 .text.__gnu_thumb1_case_shi
                0x0000498c       0x10 c:/nxp/mcuxpressoide_11.8.0_1165/ide/plugins/com.nxp.mcuxpresso.tools.win32_11.8.0.202306131047/tools/bin/../lib/gcc/arm-none-eabi/12.2.1/thumb/v6-m/nofp\libcr_eabihelpers.a(thumb1_switch_helpers.o)
                0x0000498c                __gnu_thumb1_case_shi
 .text.__gnu_thumb1_case_uhi
                0x0000499c       0x10 c:/nxp/mcuxpressoide_11.8.0_1165/ide/plugins/com.nxp.mcuxpresso.tools.win32_11.8.0.202306131047/tools/bin/../lib/gcc/arm-none-eabi/12.2.1/thumb/v6-m/nofp\libcr_eabihelpers.a(thumb1_switch_helpers.o)
                0x0000499c                __gnu_thumb1_case_uhi
 .text.__sys_close
                0x000049ac        0xc c:/nxp/mcuxpressoide_11.8.0_1165/ide/plugins/com.nxp.mcuxpresso.tools.win32_11.8.0.202306131047/tools/bin/../lib/gcc/arm-none-eabi/12.2.1/../../../../arm-none-eabi/lib/thumb/v6-m/nofp\libcr_semihost_nf.a(__sys_close.o)
                0x000049ac                __sys_close
 .text.__sys_flen
                0x000049b8        0xc c:/nxp/mcuxpressoide_11.8.0_1165/ide/plugins/com.nxp.mcuxpresso.tools.win32_11.8.0.202306131047/tools/bin/../lib/gcc/arm-none-eabi/12.2.1/../../../../arm-none-eabi/lib/thumb/v6-m/nofp\libcr_semihost_nf.a(__sys_flen.o)
                0x000049b8                __sys_flen
 .text.__sys_istty
                0x000049c4        0xc c:/nxp/mcuxpressoide_11.8.0_1165/ide/plugins/com.nxp.mcuxpresso.tools.win32_11.8.0.202306131047/tools/bin/../lib/gcc/arm-none-eabi/12.2.1/../../../../arm-none-eabi/lib/thumb/v6-m/nofp\libcr_semihost_nf.a(__sys_istty.o)
                0x000049c4                __sys_istty
 .text.__sys_remove
                0x000049d0        0xc c:/nxp/mcuxpressoide_11.8.0_1165/ide/plugins/com.nxp.mcuxpresso.tools.win32_11.8.0.202306131047/tools/bin/../lib/gcc/arm-none-eabi/12.2.1/../../../../arm-none-eabi/lib/thumb/v6-m/nofp\libcr_semihost_nf.a(__sys_remove.o)
                0x000049d0                __sys_remove
 .text.__sys_seek
                0x000049dc        0xc c:/nxp/mcuxpressoide_11.8.0_1165/ide/plugins/com.nxp.mcuxpresso.tools.win32_11.8.0.202306131047/tools/bin/../lib/gcc/arm-none-eabi/12.2.1/../../../../arm-none-eabi/lib/thumb/v6-m/nofp\libcr_semihost_nf.a(__sys_seek.o)
                0x000049dc                __sys_seek
 .text.__sys_tmpnam
                0x000049e8        0xc c:/nxp/mcuxpressoide_11.8.0_1165/ide/plugins/com.nxp.mcuxpresso.tools.win32_11.8.0.202306131047/tools/bin/../lib/gcc/arm-none-eabi/12.2.1/../../../../arm-none-eabi/lib/thumb/v6-m/nofp\libcr_semihost_nf.a(__sys_tmpnam.o)
                0x000049e8                __sys_tmpnam
 .text.__sys_write
                0x000049f4        0xc c:/nxp/mcuxpressoide_11.8.0_1165/ide/plugins/com.nxp.mcuxpresso.tools.win32_11.8.0.202306131047/tools/bin/../lib/gcc/arm-none-eabi/12.2.1/../../../../arm-none-eabi/lib/thumb/v6-m/nofp\libcr_semihost_nf.a(__sys_write.o)
                0x000049f4                __sys_write
 *(SORT_BY_ALIGNMENT(.rodata) SORT_BY_ALIGNMENT(.rodata.*) SORT_BY_ALIGNMENT(.constdata) SORT_BY_ALIGNMENT(.constdata.*))
 .rodata.a.0    0x00004a00       0x20 c:/nxp/mcuxpressoide_11.8.0_1165/ide/plugins/com.nxp.mcuxpresso.tools.win32_11.8.0.202306131047/tools/bin/../lib/gcc/arm-none-eabi/12.2.1/../../../../arm-none-eabi/lib/thumb/v6-m/nofp\libcr_c.a(atan.o)
 .rodata.mag_read.str1.4
                0x00004a20       0x5d ./source/mag_readings.o
 *fill*         0x00004a7d        0x3 ff
 .rodata.CLOCK_GetMcgExtClkFreq.str1.4
                0x00004a80       0x1e ./drivers/fsl_clock.o
 *fill*         0x00004a9e        0x2 ff
 .rodata.CLOCK_GetPll0Freq.str1.4
                0x00004aa0       0x1d ./drivers/fsl_clock.o
 *fill*         0x00004abd        0x3 ff
 .rodata.CLOCK_EnablePll0.str1.4
                0x00004ac0       0x19 ./drivers/fsl_clock.o
 *fill*         0x00004ad9        0x3 ff
 .rodata.CLOCK_SetPbeMode.str1.4
                0x00004adc       0x1a ./drivers/fsl_clock.o
 *fill*         0x00004af6        0x2 ff
 .rodata.CLOCK_BootToPeeMode.str1.4
                0x00004af8       0x1a ./drivers/fsl_clock.o
 *fill*         0x00004b12        0x2 ff
 .rodata.fllFactorTable.1
                0x00004b14       0x10 ./drivers/fsl_clock.o
 .rodata.LPSCI_GetInstance.str1.4
                0x00004b24       0x36 ./drivers/fsl_lpsci.o
 *fill*         0x00004b5a        0x2 ff
 .rodata.LPSCI_Init.str1.4
                0x00004b5c       0x43 ./drivers/fsl_lpsci.o
 *fill*         0x00004b9f        0x1 ff
 .rodata.LPSCI_GetDefaultConfig.str1.4
                0x00004ba0       0x19 ./drivers/fsl_lpsci.o
 *fill*         0x00004bb9        0x3 ff
 .rodata.LPSCI_WriteBlocking.str1.4
                0x00004bbc       0x17 ./drivers/fsl_lpsci.o
 *fill*         0x00004bd3        0x1 ff
 .rodata.LPSCI_ReadBlocking.str1.4
                0x00004bd4       0x17 ./drivers/fsl_lpsci.o
 *fill*         0x00004beb        0x1 ff
 .rodata.s_uartBases
                0x00004bec        0xc ./drivers/fsl_uart.o
 .rodata.s_uartClock
                0x00004bf8        0xc ./drivers/fsl_uart.o
 .rodata.UART_GetInstance.str1.4
                0x00004c04       0x2b ./drivers/fsl_uart.o
 *fill*         0x00004c2f        0x1 ff
 .rodata.UART_Init.str1.4
                0x00004c30       0x3e ./drivers/fsl_uart.o
 *fill*         0x00004c6e        0x2 ff
 .rodata.UART_GetDefaultConfig.str1.4
                0x00004c70       0x18 ./drivers/fsl_uart.o
 .rodata.UART_ReadBlocking.str1.4
                0x00004c88       0x16 ./drivers/fsl_uart.o
 *fill*         0x00004c9e        0x2 ff
 .rodata.mcgConfig_BOARD_BootClockRUN
                0x00004ca0        0xa ./board/clock_config.o
                0x00004ca0                mcgConfig_BOARD_BootClockRUN
 *fill*         0x00004caa        0x2 ff
 .rodata.simConfig_BOARD_BootClockRUN
                0x00004cac        0x8 ./board/clock_config.o
                0x00004cac                simConfig_BOARD_BootClockRUN
 .rodata.oscConfig_BOARD_BootClockRUN
                0x00004cb4        0x8 ./board/clock_config.o
                0x00004cb4                oscConfig_BOARD_BootClockRUN
 .rodata.__num_Ciob_streams
                0x00004cbc        0x4 c:/nxp/mcuxpressoide_11.8.0_1165/ide/plugins/com.nxp.mcuxpresso.tools.win32_11.8.0.202306131047/tools/bin/../lib/gcc/arm-none-eabi/12.2.1/../../../../arm-none-eabi/lib/thumb/v6-m/nofp\libcr_semihost_nf.a(__ciob.o)
                0x00004cbc                __num_Ciob_streams
 .rodata.__assertion_failed.str1.1
                0x00004cc0       0x15 c:/nxp/mcuxpressoide_11.8.0_1165/ide/plugins/com.nxp.mcuxpresso.tools.win32_11.8.0.202306131047/tools/bin/../lib/gcc/arm-none-eabi/12.2.1/../../../../arm-none-eabi/lib/thumb/v6-m/nofp\libcr_semihost_nf.a(_cr_assert.o)
 .rodata._Csys_alloc.str1.1
                0x00004cd5       0x18 c:/nxp/mcuxpressoide_11.8.0_1165/ide/plugins/com.nxp.mcuxpresso.tools.win32_11.8.0.202306131047/tools/bin/../lib/gcc/arm-none-eabi/12.2.1/../../../../arm-none-eabi/lib/thumb/v6-m/nofp\libcr_c.a(alloc.o)
 .rodata._initio.str1.1
                0x00004ced        0x4 c:/nxp/mcuxpressoide_11.8.0_1165/ide/plugins/com.nxp.mcuxpresso.tools.win32_11.8.0.202306131047/tools/bin/../lib/gcc/arm-none-eabi/12.2.1/../../../../arm-none-eabi/lib/thumb/v6-m/nofp\libcr_c.a(initio.o)
 .rodata.__vfprintf.str1.1
                0x00004cf1       0x35 c:/nxp/mcuxpressoide_11.8.0_1165/ide/plugins/com.nxp.mcuxpresso.tools.win32_11.8.0.202306131047/tools/bin/../lib/gcc/arm-none-eabi/12.2.1/../../../../arm-none-eabi/lib/thumb/v6-m/nofp\libcr_c.a(printf.o)
                                 0x38 (size before relaxing)
                0x00004d28                . = ALIGN (0x4)
 *fill*         0x00004d26        0x2 ff

.glue_7         0x00004d28        0x0
 .glue_7        0x00004d28        0x0 linker stubs

.glue_7t        0x00004d28        0x0
 .glue_7t       0x00004d28        0x0 linker stubs

.vfp11_veneer   0x00004d28        0x0
 .vfp11_veneer  0x00004d28        0x0 linker stubs

.v4_bx          0x00004d28        0x0
 .v4_bx         0x00004d28        0x0 linker stubs

.iplt           0x00004d28        0x0
 .iplt          0x00004d28        0x0 ./utilities/fsl_debug_console.o

.rel.dyn        0x00004d28        0x0
 .rel.iplt      0x00004d28        0x0 ./utilities/fsl_debug_console.o

.ARM.extab
 *(SORT_BY_ALIGNMENT(.ARM.extab*) SORT_BY_ALIGNMENT(.gnu.linkonce.armextab.*))

.ARM.exidx      0x00004d28        0x0
                0x00004d28                __exidx_start = .
 *(SORT_BY_ALIGNMENT(.ARM.exidx*) SORT_BY_ALIGNMENT(.gnu.linkonce.armexidx.*))
                0x00004d28                __exidx_end = .
                0x00004d28                _etext = .

.m_usb_data
 *(SORT_BY_ALIGNMENT(m_usb_bdt))

.mtb_buffer_default
                0x1ffff000       0x80
 *(SORT_BY_ALIGNMENT(.mtb*))
 .mtb.$RAM1     0x1ffff000       0x80 ./source/mtb.o
                0x1ffff000                __mtb_buffer__

.uninit_RESERVED
                0x1ffff080        0x0
                0x1ffff080                _start_uninit_RESERVED = .
 *(SORT_BY_ALIGNMENT(.bss.$RESERVED*))
                0x1ffff080                . = ALIGN (0x4)
                0x1ffff080                _end_uninit_RESERVED = .

.data           0x1ffff080        0x8 load address 0x00004d28
 FILL mask 0xff
                0x1ffff080                _data = .
                [!provide]                PROVIDE (__start_data_RAM = .)
                [!provide]                PROVIDE (__start_data_SRAM = .)
 *(SORT_BY_ALIGNMENT(vtable))
 *(SORT_BY_ALIGNMENT(.ramfunc*))
 *(SORT_BY_ALIGNMENT(CodeQuickAccess))
 *(SORT_BY_ALIGNMENT(DataQuickAccess))
 *(SORT_BY_ALIGNMENT(RamFunction))
 *(SORT_BY_ALIGNMENT(.data*))
 .data.s_slowIrcFreq
                0x1ffff080        0x4 ./drivers/fsl_clock.o
 .data.SystemCoreClock
                0x1ffff084        0x4 ./CMSIS/system_MKL25Z4.o
                0x1ffff084                SystemCoreClock
                0x1ffff088                . = ALIGN (0x4)
                0x1ffff088                _edata = .
                [!provide]                PROVIDE (__end_data_RAM = .)
                [!provide]                PROVIDE (__end_data_SRAM = .)

.igot.plt       0x1ffff088        0x0 load address 0x00004d30
 .igot.plt      0x1ffff088        0x0 ./utilities/fsl_debug_console.o

.bss            0x1ffff088      0x128
                0x1ffff088                _bss = .
                [!provide]                PROVIDE (__start_bss_RAM = .)
                [!provide]                PROVIDE (__start_bss_SRAM = .)
 *(SORT_BY_ALIGNMENT(.bss*))
 .bss.s_debugConsole
                0x1ffff088       0x10 ./utilities/fsl_debug_console.o
 .bss.i2c_recieve_check
                0x1ffff098        0x4 ./source/I2C.o
                0x1ffff098                i2c_recieve_check
 .bss.i2c_ready_check
                0x1ffff09c        0x4 ./source/I2C.o
                0x1ffff09c                i2c_ready_check
 .bss.data_buffer
                0x1ffff0a0        0x7 ./source/I2C.o
                0x1ffff0a0                data_buffer
 *fill*         0x1ffff0a7        0x1 
 .bss.status_buffer
                0x1ffff0a8        0x7 ./source/I2C.o
                0x1ffff0a8                status_buffer
 *fill*         0x1ffff0af        0x1 
 .bss.ticks_since_startup
                0x1ffff0b0        0x4 ./source/Systick.o
                0x1ffff0b0                ticks_since_startup
 .bss.live_mag_readings
                0x1ffff0b4       0x14 ./source/mag_readings.o
                0x1ffff0b4                live_mag_readings
 .bss.g_xtal0Freq
                0x1ffff0c8        0x4 ./drivers/fsl_clock.o
                0x1ffff0c8                g_xtal0Freq
 .bss.s_lpsciHandle
                0x1ffff0cc        0x4 ./drivers/fsl_lpsci.o
 .bss.s_lpsciIsr
                0x1ffff0d0        0x4 ./drivers/fsl_lpsci.o
 .bss.s_uartHandle
                0x1ffff0d4        0xc ./drivers/fsl_uart.o
 .bss.s_uartIsr
                0x1ffff0e0        0x4 ./drivers/fsl_uart.o
 .bss.__Ciob    0x1ffff0e4       0xb4 c:/nxp/mcuxpressoide_11.8.0_1165/ide/plugins/com.nxp.mcuxpresso.tools.win32_11.8.0.202306131047/tools/bin/../lib/gcc/arm-none-eabi/12.2.1/../../../../arm-none-eabi/lib/thumb/v6-m/nofp\libcr_semihost_nf.a(__ciob.o)
                0x1ffff0e4                __Ciob
 .bss.errno     0x1ffff198        0x4 c:/nxp/mcuxpressoide_11.8.0_1165/ide/plugins/com.nxp.mcuxpresso.tools.win32_11.8.0.202306131047/tools/bin/../lib/gcc/arm-none-eabi/12.2.1/../../../../arm-none-eabi/lib/thumb/v6-m/nofp\libcr_c.a(errno.o)
                0x1ffff198                errno
 .bss.__end_of_heap
                0x1ffff19c        0x4 c:/nxp/mcuxpressoide_11.8.0_1165/ide/plugins/com.nxp.mcuxpresso.tools.win32_11.8.0.202306131047/tools/bin/../lib/gcc/arm-none-eabi/12.2.1/../../../../arm-none-eabi/lib/thumb/v6-m/nofp\libcr_c.a(__init_alloc.o)
                0x1ffff19c                __end_of_heap
 .bss.__heaps   0x1ffff1a0        0x4 c:/nxp/mcuxpressoide_11.8.0_1165/ide/plugins/com.nxp.mcuxpresso.tools.win32_11.8.0.202306131047/tools/bin/../lib/gcc/arm-none-eabi/12.2.1/../../../../arm-none-eabi/lib/thumb/v6-m/nofp\libcr_c.a(__init_alloc.o)
                0x1ffff1a0                __heaps
 .bss.x_raw_initial
                0x1ffff1a4        0x2 ./source/mag_readings.o
                0x1ffff1a4                x_raw_initial
 .bss.y_raw_initial
                0x1ffff1a6        0x2 ./source/mag_readings.o
                0x1ffff1a6                y_raw_initial
 .bss.z_raw_initial
                0x1ffff1a8        0x2 ./source/mag_readings.o
                0x1ffff1a8                z_raw_initial
 .bss.x         0x1ffff1aa        0x2 ./source/mag_readings.o
                0x1ffff1aa                x
 .bss.y         0x1ffff1ac        0x2 ./source/mag_readings.o
                0x1ffff1ac                y
 .bss.z         0x1ffff1ae        0x2 ./source/mag_readings.o
                0x1ffff1ae                z
 *(SORT_BY_ALIGNMENT(COMMON))
                0x1ffff1b0                . = ALIGN (0x4)
                0x1ffff1b0                _ebss = .
                [!provide]                PROVIDE (__end_bss_RAM = .)
                [!provide]                PROVIDE (__end_bss_SRAM = .)
                [!provide]                PROVIDE (end = .)

.noinit         0x1ffff1b0        0x0
                0x1ffff1b0                _noinit = .
                [!provide]                PROVIDE (__start_noinit_RAM = .)
                [!provide]                PROVIDE (__start_noinit_SRAM = .)
 *(SORT_BY_ALIGNMENT(.noinit*))
                0x1ffff1b0                . = ALIGN (0x4)
                0x1ffff1b0                _end_noinit = .
                [!provide]                PROVIDE (__end_noinit_RAM = .)
                [!provide]                PROVIDE (__end_noinit_SRAM = .)
                0x00000400                _HeapSize = 0x400

.heap           0x1ffff1b0      0x400
                0x1ffff1b0                _pvHeapStart = .
                0x1ffff5b0                . = (. + _HeapSize)
 *fill*         0x1ffff1b0      0x400 
                0x1ffff5b0                . = ALIGN (0x4)
                0x1ffff5b0                _pvHeapLimit = .
                0x00000400                _StackSize = 0x400

.heap2stackfill
                0x1ffff5b0      0x400
                0x1ffff9b0                . = (. + _StackSize)
 *fill*         0x1ffff5b0      0x400 

.stack          0x20002c00        0x0
                0x20002c00                _vStackBase = .
                0x20002c00                . = ALIGN (0x4)
                0x20003000                _vStackTop = (. + _StackSize)
                0x00000000                _image_start = LOADADDR (.text)
                0x00004d30                _image_end = (LOADADDR (.data) + SIZEOF (.data))
                0x00004d30                _image_size = (_image_end - _image_start)
OUTPUT(QMC_588L_MAG.axf elf32-littlearm)
LOAD linker stubs

.debug_info     0x00000000     0x7dac
 .debug_info    0x00000000      0x907 ./utilities/fsl_debug_console.o
 .debug_info    0x00000907      0x63a ./startup/startup_mkl25z4.o
 .debug_info    0x00000f41      0x72b ./source/I2C.o
 .debug_info    0x0000166c       0xdb ./source/QMC_588L_MAG.o
 .debug_info    0x00001747      0x3e0 ./source/Systick.o
 .debug_info    0x00001b27      0x4dd ./source/mag_readings.o
 .debug_info    0x00002004       0x54 ./source/mtb.o
 .debug_info    0x00002058       0x3d ./source/semihost_hardfault.o
 .debug_info    0x00002095      0x457 ./source/tpm.o
 .debug_info    0x000024ec     0x19b4 ./drivers/fsl_clock.o
 .debug_info    0x00003ea0     0x13b6 ./drivers/fsl_lpsci.o
 .debug_info    0x00005256     0x1356 ./drivers/fsl_uart.o
 .debug_info    0x000065ac      0x3af ./board/board.o
 .debug_info    0x0000695b      0xb38 ./board/clock_config.o
 .debug_info    0x00007493       0x3d ./board/peripherals.o
 .debug_info    0x000074d0      0x51c ./board/pin_mux.o
 .debug_info    0x000079ec      0x3c0 ./CMSIS/system_MKL25Z4.o

.debug_abbrev   0x00000000     0x1b55
 .debug_abbrev  0x00000000      0x240 ./utilities/fsl_debug_console.o
 .debug_abbrev  0x00000240      0x17f ./startup/startup_mkl25z4.o
 .debug_abbrev  0x000003bf      0x232 ./source/I2C.o
 .debug_abbrev  0x000005f1       0x73 ./source/QMC_588L_MAG.o
 .debug_abbrev  0x00000664      0x189 ./source/Systick.o
 .debug_abbrev  0x000007ed      0x1ac ./source/mag_readings.o
 .debug_abbrev  0x00000999       0x45 ./source/mtb.o
 .debug_abbrev  0x000009de       0x2f ./source/semihost_hardfault.o
 .debug_abbrev  0x00000a0d       0xfd ./source/tpm.o
 .debug_abbrev  0x00000b0a      0x385 ./drivers/fsl_clock.o
 .debug_abbrev  0x00000e8f      0x314 ./drivers/fsl_lpsci.o
 .debug_abbrev  0x000011a3      0x330 ./drivers/fsl_uart.o
 .debug_abbrev  0x000014d3      0x151 ./board/board.o
 .debug_abbrev  0x00001624      0x241 ./board/clock_config.o
 .debug_abbrev  0x00001865       0x2f ./board/peripherals.o
 .debug_abbrev  0x00001894      0x18d ./board/pin_mux.o
 .debug_abbrev  0x00001a21      0x134 ./CMSIS/system_MKL25Z4.o

.debug_aranges  0x00000000      0x810
 .debug_aranges
                0x00000000       0x48 ./utilities/fsl_debug_console.o
 .debug_aranges
                0x00000048      0x160 ./startup/startup_mkl25z4.o
 .debug_aranges
                0x000001a8       0x48 ./source/I2C.o
 .debug_aranges
                0x000001f0       0x20 ./source/QMC_588L_MAG.o
 .debug_aranges
                0x00000210       0x40 ./source/Systick.o
 .debug_aranges
                0x00000250       0x38 ./source/mag_readings.o
 .debug_aranges
                0x00000288       0x18 ./source/mtb.o
 .debug_aranges
                0x000002a0       0x20 ./source/semihost_hardfault.o
 .debug_aranges
                0x000002c0       0x30 ./source/tpm.o
 .debug_aranges
                0x000002f0      0x1d8 ./drivers/fsl_clock.o
 .debug_aranges
                0x000004c8      0x118 ./drivers/fsl_lpsci.o
 .debug_aranges
                0x000005e0      0x130 ./drivers/fsl_uart.o
 .debug_aranges
                0x00000710       0x28 ./board/board.o
 .debug_aranges
                0x00000738       0x58 ./board/clock_config.o
 .debug_aranges
                0x00000790       0x20 ./board/peripherals.o
 .debug_aranges
                0x000007b0       0x38 ./board/pin_mux.o
 .debug_aranges
                0x000007e8       0x28 ./CMSIS/system_MKL25Z4.o

.debug_rnglists
                0x00000000      0x5dc
 .debug_rnglists
                0x00000000       0x32 ./utilities/fsl_debug_console.o
 .debug_rnglists
                0x00000032      0x103 ./startup/startup_mkl25z4.o
 .debug_rnglists
                0x00000135       0x36 ./source/I2C.o
 .debug_rnglists
                0x0000016b       0x13 ./source/QMC_588L_MAG.o
 .debug_rnglists
                0x0000017e       0x2c ./source/Systick.o
 .debug_rnglists
                0x000001aa       0x29 ./source/mag_readings.o
 .debug_rnglists
                0x000001d3       0x13 ./source/semihost_hardfault.o
 .debug_rnglists
                0x000001e6       0x22 ./source/tpm.o
 .debug_rnglists
                0x00000208      0x16f ./drivers/fsl_clock.o
 .debug_rnglists
                0x00000377       0xd6 ./drivers/fsl_lpsci.o
 .debug_rnglists
                0x0000044d       0xe7 ./drivers/fsl_uart.o
 .debug_rnglists
                0x00000534       0x19 ./board/board.o
 .debug_rnglists
                0x0000054d       0x3d ./board/clock_config.o
 .debug_rnglists
                0x0000058a       0x13 ./board/peripherals.o
 .debug_rnglists
                0x0000059d       0x25 ./board/pin_mux.o
 .debug_rnglists
                0x000005c2       0x1a ./CMSIS/system_MKL25Z4.o

.debug_macro    0x00000000     0x91df
 .debug_macro   0x00000000      0x13a ./utilities/fsl_debug_console.o
 .debug_macro   0x0000013a      0xac0 ./utilities/fsl_debug_console.o
 .debug_macro   0x00000bfa       0x10 ./utilities/fsl_debug_console.o
 .debug_macro   0x00000c0a       0x16 ./utilities/fsl_debug_console.o
 .debug_macro   0x00000c20       0x10 ./utilities/fsl_debug_console.o
 .debug_macro   0x00000c30      0x12e ./utilities/fsl_debug_console.o
 .debug_macro   0x00000d5e       0x28 ./utilities/fsl_debug_console.o
 .debug_macro   0x00000d86       0xc4 ./utilities/fsl_debug_console.o
 .debug_macro   0x00000e4a       0x16 ./utilities/fsl_debug_console.o
 .debug_macro   0x00000e60       0x22 ./utilities/fsl_debug_console.o
 .debug_macro   0x00000e82      0x5b3 ./utilities/fsl_debug_console.o
 .debug_macro   0x00001435       0x10 ./utilities/fsl_debug_console.o
 .debug_macro   0x00001445       0x3f ./utilities/fsl_debug_console.o
 .debug_macro   0x00001484       0x3a ./utilities/fsl_debug_console.o
 .debug_macro   0x000014be       0x26 ./utilities/fsl_debug_console.o
 .debug_macro   0x000014e4      0x329 ./utilities/fsl_debug_console.o
 .debug_macro   0x0000180d       0x30 ./utilities/fsl_debug_console.o
 .debug_macro   0x0000183d     0x51e2 ./utilities/fsl_debug_console.o
 .debug_macro   0x00006a1f     0x1352 ./utilities/fsl_debug_console.o
 .debug_macro   0x00007d71       0x3a ./utilities/fsl_debug_console.o
 .debug_macro   0x00007dab       0xf4 ./utilities/fsl_debug_console.o
 .debug_macro   0x00007e9f       0x35 ./utilities/fsl_debug_console.o
 .debug_macro   0x00007ed4       0xd2 ./utilities/fsl_debug_console.o
 .debug_macro   0x00007fa6       0x2e ./utilities/fsl_debug_console.o
 .debug_macro   0x00007fd4       0x10 ./utilities/fsl_debug_console.o
 .debug_macro   0x00007fe4       0x10 ./utilities/fsl_debug_console.o
 .debug_macro   0x00007ff4       0x29 ./startup/startup_mkl25z4.o
 .debug_macro   0x0000801d      0x1a9 ./source/I2C.o
 .debug_macro   0x000081c6       0x34 ./source/I2C.o
 .debug_macro   0x000081fa       0x1c ./source/I2C.o
 .debug_macro   0x00008216       0x10 ./source/I2C.o
 .debug_macro   0x00008226      0x112 ./source/I2C.o
 .debug_macro   0x00008338       0x1c ./source/I2C.o
 .debug_macro   0x00008354      0x158 ./source/QMC_588L_MAG.o
 .debug_macro   0x000084ac       0xd8 ./source/QMC_588L_MAG.o
 .debug_macro   0x00008584       0x16 ./source/QMC_588L_MAG.o
 .debug_macro   0x0000859a       0x34 ./source/QMC_588L_MAG.o
 .debug_macro   0x000085ce       0x9a ./source/Systick.o
 .debug_macro   0x00008668       0x16 ./source/Systick.o
 .debug_macro   0x0000867e      0x183 ./source/mag_readings.o
 .debug_macro   0x00008801       0x2f ./source/mtb.o
 .debug_macro   0x00008830       0x82 ./source/mtb.o
 .debug_macro   0x000088b2       0x10 ./source/mtb.o
 .debug_macro   0x000088c2       0x11 ./source/semihost_hardfault.o
 .debug_macro   0x000088d3      0x168 ./source/tpm.o
 .debug_macro   0x00008a3b       0x1c ./source/tpm.o
 .debug_macro   0x00008a57      0x196 ./drivers/fsl_clock.o
 .debug_macro   0x00008bed       0xec ./drivers/fsl_lpsci.o
 .debug_macro   0x00008cd9       0xf2 ./drivers/fsl_uart.o
 .debug_macro   0x00008dcb      0x12b ./board/board.o
 .debug_macro   0x00008ef6      0x123 ./board/clock_config.o
 .debug_macro   0x00009019       0x1b ./board/peripherals.o
 .debug_macro   0x00009034      0x107 ./board/pin_mux.o
 .debug_macro   0x0000913b       0x10 ./board/pin_mux.o
 .debug_macro   0x0000914b       0x94 ./CMSIS/system_MKL25Z4.o

.debug_line     0x00000000     0x61aa
 .debug_line    0x00000000      0x4d0 ./utilities/fsl_debug_console.o
 .debug_line    0x000004d0      0x310 ./startup/startup_mkl25z4.o
 .debug_line    0x000007e0      0x7e9 ./source/I2C.o
 .debug_line    0x00000fc9      0x476 ./source/QMC_588L_MAG.o
 .debug_line    0x0000143f      0x325 ./source/Systick.o
 .debug_line    0x00001764      0x5e3 ./source/mag_readings.o
 .debug_line    0x00001d47       0xd1 ./source/mtb.o
 .debug_line    0x00001e18       0x59 ./source/semihost_hardfault.o
 .debug_line    0x00001e71      0x5c2 ./source/tpm.o
 .debug_line    0x00002433     0x1331 ./drivers/fsl_clock.o
 .debug_line    0x00003764      0xd85 ./drivers/fsl_lpsci.o
 .debug_line    0x000044e9      0xd61 ./drivers/fsl_uart.o
 .debug_line    0x0000524a      0x3f3 ./board/board.o
 .debug_line    0x0000563d      0x435 ./board/clock_config.o
 .debug_line    0x00005a72       0x5c ./board/peripherals.o
 .debug_line    0x00005ace      0x3a9 ./board/pin_mux.o
 .debug_line    0x00005e77      0x333 ./CMSIS/system_MKL25Z4.o

.debug_str      0x00000000    0x36183
 .debug_str     0x00000000    0x315ad ./utilities/fsl_debug_console.o
                              0x317f0 (size before relaxing)
 .debug_str     0x000315ad      0x3ea ./startup/startup_mkl25z4.o
                               0x320d (size before relaxing)
 .debug_str     0x00031997      0xe82 ./source/I2C.o
                              0x32043 (size before relaxing)
 .debug_str     0x00032819       0xd0 ./source/QMC_588L_MAG.o
                              0x3133d (size before relaxing)
 .debug_str     0x000328e9      0x258 ./source/Systick.o
                              0x290a4 (size before relaxing)
 .debug_str     0x00032b41      0x16e ./source/mag_readings.o
                              0x31df0 (size before relaxing)
 .debug_str     0x00032caf      0x532 ./source/mtb.o
                               0x3310 (size before relaxing)
 .debug_str     0x000331e1       0x1f ./source/semihost_hardfault.o
                               0x2dfd (size before relaxing)
 .debug_str     0x00033200       0xa9 ./source/tpm.o
                              0x3144a (size before relaxing)
 .debug_str     0x000332a9     0x17aa ./drivers/fsl_clock.o
                              0x322dd (size before relaxing)
 .debug_str     0x00034a53      0x930 ./drivers/fsl_lpsci.o
                              0x318d3 (size before relaxing)
 .debug_str     0x00035383      0x7e1 ./drivers/fsl_uart.o
                              0x318f6 (size before relaxing)
 .debug_str     0x00035b64       0x35 ./board/board.o
                              0x31362 (size before relaxing)
 .debug_str     0x00035b99      0x3c1 ./board/clock_config.o
                              0x312a7 (size before relaxing)
 .debug_str     0x00035f5a       0x17 ./board/peripherals.o
                               0x2e0e (size before relaxing)
 .debug_str     0x00035f71      0x1ce ./board/pin_mux.o
                              0x3093d (size before relaxing)
 .debug_str     0x0003613f       0x44 ./CMSIS/system_MKL25Z4.o
                              0x2fc3f (size before relaxing)

.comment        0x00000000       0x45
 .comment       0x00000000       0x45 ./utilities/fsl_debug_console.o
                                 0x46 (size before relaxing)
 .comment       0x00000045       0x46 ./startup/startup_mkl25z4.o
 .comment       0x00000045       0x46 ./source/I2C.o
 .comment       0x00000045       0x46 ./source/QMC_588L_MAG.o
 .comment       0x00000045       0x46 ./source/Systick.o
 .comment       0x00000045       0x46 ./source/mag_readings.o
 .comment       0x00000045       0x46 ./source/mtb.o
 .comment       0x00000045       0x46 ./source/semihost_hardfault.o
 .comment       0x00000045       0x46 ./source/tpm.o
 .comment       0x00000045       0x46 ./drivers/fsl_clock.o
 .comment       0x00000045       0x46 ./drivers/fsl_lpsci.o
 .comment       0x00000045       0x46 ./drivers/fsl_uart.o
 .comment       0x00000045       0x46 ./board/board.o
 .comment       0x00000045       0x46 ./board/clock_config.o
 .comment       0x00000045       0x46 ./board/peripherals.o
 .comment       0x00000045       0x46 ./board/pin_mux.o
 .comment       0x00000045       0x46 ./CMSIS/system_MKL25Z4.o
 .comment       0x00000045       0x46 c:/nxp/mcuxpressoide_11.8.0_1165/ide/plugins/com.nxp.mcuxpresso.tools.win32_11.8.0.202306131047/tools/bin/../lib/gcc/arm-none-eabi/12.2.1/../../../../arm-none-eabi/lib/thumb/v6-m/nofp\libcr_semihost_nf.a(_cr__main.o)
 .comment       0x00000045       0x46 c:/nxp/mcuxpressoide_11.8.0_1165/ide/plugins/com.nxp.mcuxpresso.tools.win32_11.8.0.202306131047/tools/bin/../lib/gcc/arm-none-eabi/12.2.1/../../../../arm-none-eabi/lib/thumb/v6-m/nofp\libcr_semihost_nf.a(_cr_assert.o)
 .comment       0x00000045       0x46 c:/nxp/mcuxpressoide_11.8.0_1165/ide/plugins/com.nxp.mcuxpresso.tools.win32_11.8.0.202306131047/tools/bin/../lib/gcc/arm-none-eabi/12.2.1/../../../../arm-none-eabi/lib/thumb/v6-m/nofp\libcr_semihost_nf.a(__ciob.o)
 .comment       0x00000045       0x46 c:/nxp/mcuxpressoide_11.8.0_1165/ide/plugins/com.nxp.mcuxpresso.tools.win32_11.8.0.202306131047/tools/bin/../lib/gcc/arm-none-eabi/12.2.1/../../../../arm-none-eabi/lib/thumb/v6-m/nofp\libcr_c.a(memset.o)
 .comment       0x00000045       0x46 c:/nxp/mcuxpressoide_11.8.0_1165/ide/plugins/com.nxp.mcuxpresso.tools.win32_11.8.0.202306131047/tools/bin/../lib/gcc/arm-none-eabi/12.2.1/../../../../arm-none-eabi/lib/thumb/v6-m/nofp\libcr_c.a(_deferredlazyseek.o)
 .comment       0x00000045       0x46 c:/nxp/mcuxpressoide_11.8.0_1165/ide/plugins/com.nxp.mcuxpresso.tools.win32_11.8.0.202306131047/tools/bin/../lib/gcc/arm-none-eabi/12.2.1/../../../../arm-none-eabi/lib/thumb/v6-m/nofp\libcr_c.a(_fflush.o)
 .comment       0x00000045       0x46 c:/nxp/mcuxpressoide_11.8.0_1165/ide/plugins/com.nxp.mcuxpresso.tools.win32_11.8.0.202306131047/tools/bin/../lib/gcc/arm-none-eabi/12.2.1/../../../../arm-none-eabi/lib/thumb/v6-m/nofp\libcr_c.a(_writebuf.o)
 .comment       0x00000045       0x46 c:/nxp/mcuxpressoide_11.8.0_1165/ide/plugins/com.nxp.mcuxpresso.tools.win32_11.8.0.202306131047/tools/bin/../lib/gcc/arm-none-eabi/12.2.1/../../../../arm-none-eabi/lib/thumb/v6-m/nofp\libcr_c.a(alloc.o)
 .comment       0x00000045       0x46 c:/nxp/mcuxpressoide_11.8.0_1165/ide/plugins/com.nxp.mcuxpresso.tools.win32_11.8.0.202306131047/tools/bin/../lib/gcc/arm-none-eabi/12.2.1/../../../../arm-none-eabi/lib/thumb/v6-m/nofp\libcr_c.a(atan2.o)
 .comment       0x00000045       0x46 c:/nxp/mcuxpressoide_11.8.0_1165/ide/plugins/com.nxp.mcuxpresso.tools.win32_11.8.0.202306131047/tools/bin/../lib/gcc/arm-none-eabi/12.2.1/../../../../arm-none-eabi/lib/thumb/v6-m/nofp\libcr_c.a(ceil.o)
 .comment       0x00000045       0x46 c:/nxp/mcuxpressoide_11.8.0_1165/ide/plugins/com.nxp.mcuxpresso.tools.win32_11.8.0.202306131047/tools/bin/../lib/gcc/arm-none-eabi/12.2.1/../../../../arm-none-eabi/lib/thumb/v6-m/nofp\libcr_c.a(errno.o)
 .comment       0x00000045       0x46 c:/nxp/mcuxpressoide_11.8.0_1165/ide/plugins/com.nxp.mcuxpresso.tools.win32_11.8.0.202306131047/tools/bin/../lib/gcc/arm-none-eabi/12.2.1/../../../../arm-none-eabi/lib/thumb/v6-m/nofp\libcr_c.a(fabs.o)
 .comment       0x00000045       0x46 c:/nxp/mcuxpressoide_11.8.0_1165/ide/plugins/com.nxp.mcuxpresso.tools.win32_11.8.0.202306131047/tools/bin/../lib/gcc/arm-none-eabi/12.2.1/../../../../arm-none-eabi/lib/thumb/v6-m/nofp\libcr_c.a(floor.o)
 .comment       0x00000045       0x46 c:/nxp/mcuxpressoide_11.8.0_1165/ide/plugins/com.nxp.mcuxpresso.tools.win32_11.8.0.202306131047/tools/bin/../lib/gcc/arm-none-eabi/12.2.1/../../../../arm-none-eabi/lib/thumb/v6-m/nofp\libcr_c.a(fputs.o)
 .comment       0x00000045       0x46 c:/nxp/mcuxpressoide_11.8.0_1165/ide/plugins/com.nxp.mcuxpresso.tools.win32_11.8.0.202306131047/tools/bin/../lib/gcc/arm-none-eabi/12.2.1/../../../../arm-none-eabi/lib/thumb/v6-m/nofp\libcr_c.a(fseek.o)
 .comment       0x00000045       0x46 c:/nxp/mcuxpressoide_11.8.0_1165/ide/plugins/com.nxp.mcuxpresso.tools.win32_11.8.0.202306131047/tools/bin/../lib/gcc/arm-none-eabi/12.2.1/../../../../arm-none-eabi/lib/thumb/v6-m/nofp\libcr_c.a(ftell.o)
 .comment       0x00000045       0x46 c:/nxp/mcuxpressoide_11.8.0_1165/ide/plugins/com.nxp.mcuxpresso.tools.win32_11.8.0.202306131047/tools/bin/../lib/gcc/arm-none-eabi/12.2.1/../../../../arm-none-eabi/lib/thumb/v6-m/nofp\libcr_c.a(initio.o)
 .comment       0x00000045       0x46 c:/nxp/mcuxpressoide_11.8.0_1165/ide/plugins/com.nxp.mcuxpresso.tools.win32_11.8.0.202306131047/tools/bin/../lib/gcc/arm-none-eabi/12.2.1/../../../../arm-none-eabi/lib/thumb/v6-m/nofp\libcr_c.a(printf.o)
 .comment       0x00000045       0x46 c:/nxp/mcuxpressoide_11.8.0_1165/ide/plugins/com.nxp.mcuxpresso.tools.win32_11.8.0.202306131047/tools/bin/../lib/gcc/arm-none-eabi/12.2.1/../../../../arm-none-eabi/lib/thumb/v6-m/nofp\libcr_c.a(setvbuf.o)
 .comment       0x00000045       0x46 c:/nxp/mcuxpressoide_11.8.0_1165/ide/plugins/com.nxp.mcuxpresso.tools.win32_11.8.0.202306131047/tools/bin/../lib/gcc/arm-none-eabi/12.2.1/../../../../arm-none-eabi/lib/thumb/v6-m/nofp\libcr_c.a(strlen.o)
 .comment       0x00000045       0x46 c:/nxp/mcuxpressoide_11.8.0_1165/ide/plugins/com.nxp.mcuxpresso.tools.win32_11.8.0.202306131047/tools/bin/../lib/gcc/arm-none-eabi/12.2.1/../../../../arm-none-eabi/lib/thumb/v6-m/nofp\libcr_c.a(__init_alloc.o)
 .comment       0x00000045       0x46 c:/nxp/mcuxpressoide_11.8.0_1165/ide/plugins/com.nxp.mcuxpresso.tools.win32_11.8.0.202306131047/tools/bin/../lib/gcc/arm-none-eabi/12.2.1/../../../../arm-none-eabi/lib/thumb/v6-m/nofp\libcr_c.a(_cr_sbrk.o)
 .comment       0x00000045       0x46 c:/nxp/mcuxpressoide_11.8.0_1165/ide/plugins/com.nxp.mcuxpresso.tools.win32_11.8.0.202306131047/tools/bin/../lib/gcc/arm-none-eabi/12.2.1/../../../../arm-none-eabi/lib/thumb/v6-m/nofp\libcr_c.a(_fdopen.o)
 .comment       0x00000045       0x46 c:/nxp/mcuxpressoide_11.8.0_1165/ide/plugins/com.nxp.mcuxpresso.tools.win32_11.8.0.202306131047/tools/bin/../lib/gcc/arm-none-eabi/12.2.1/../../../../arm-none-eabi/lib/thumb/v6-m/nofp\libcr_c.a(atan.o)
 .comment       0x00000045       0x46 c:/nxp/mcuxpressoide_11.8.0_1165/ide/plugins/com.nxp.mcuxpresso.tools.win32_11.8.0.202306131047/tools/bin/../lib/gcc/arm-none-eabi/12.2.1/../../../../arm-none-eabi/lib/thumb/v6-m/nofp\libcr_c.a(fclose.o)
 .comment       0x00000045       0x46 c:/nxp/mcuxpressoide_11.8.0_1165/ide/plugins/com.nxp.mcuxpresso.tools.win32_11.8.0.202306131047/tools/bin/../lib/gcc/arm-none-eabi/12.2.1/../../../../arm-none-eabi/lib/thumb/v6-m/nofp\libcr_c.a(fflush.o)
 .comment       0x00000045       0x46 c:/nxp/mcuxpressoide_11.8.0_1165/ide/plugins/com.nxp.mcuxpresso.tools.win32_11.8.0.202306131047/tools/bin/../lib/gcc/arm-none-eabi/12.2.1/../../../../arm-none-eabi/lib/thumb/v6-m/nofp\libcr_c.a(remove.o)
 .comment       0x00000045       0x46 c:/nxp/mcuxpressoide_11.8.0_1165/ide/plugins/com.nxp.mcuxpresso.tools.win32_11.8.0.202306131047/tools/bin/../lib/gcc/arm-none-eabi/12.2.1/../../../../arm-none-eabi/lib/thumb/v6-m/nofp\libcr_c.a(_cr_check_heap.o)
 .comment       0x00000045       0x46 c:/nxp/mcuxpressoide_11.8.0_1165/ide/plugins/com.nxp.mcuxpresso.tools.win32_11.8.0.202306131047/tools/bin/../lib/gcc/arm-none-eabi/12.2.1/../../../../arm-none-eabi/lib/thumb/v6-m/nofp\libcr_c.a(_do_fflush.o)
 .comment       0x00000045       0x46 c:/nxp/mcuxpressoide_11.8.0_1165/ide/plugins/com.nxp.mcuxpresso.tools.win32_11.8.0.202306131047/tools/bin/../lib/gcc/arm-none-eabi/12.2.1/thumb/v6-m/nofp\libcr_eabihelpers.a(double.o)
 .comment       0x00000045       0x46 c:/nxp/mcuxpressoide_11.8.0_1165/ide/plugins/com.nxp.mcuxpresso.tools.win32_11.8.0.202306131047/tools/bin/../lib/gcc/arm-none-eabi/12.2.1/thumb/v6-m/nofp\libcr_eabihelpers.a(float.o)

.ARM.attributes
                0x00000000       0x2a
 .ARM.attributes
                0x00000000       0x2c ./utilities/fsl_debug_console.o
 .ARM.attributes
                0x0000002c       0x2c ./startup/startup_mkl25z4.o
 .ARM.attributes
                0x00000058       0x2c ./source/I2C.o
 .ARM.attributes
                0x00000084       0x2c ./source/QMC_588L_MAG.o
 .ARM.attributes
                0x000000b0       0x2c ./source/Systick.o
 .ARM.attributes
                0x000000dc       0x2c ./source/mag_readings.o
 .ARM.attributes
                0x00000108       0x2c ./source/mtb.o
 .ARM.attributes
                0x00000134       0x2c ./source/semihost_hardfault.o
 .ARM.attributes
                0x00000160       0x2c ./source/tpm.o
 .ARM.attributes
                0x0000018c       0x2c ./drivers/fsl_clock.o
 .ARM.attributes
                0x000001b8       0x2c ./drivers/fsl_lpsci.o
 .ARM.attributes
                0x000001e4       0x2c ./drivers/fsl_uart.o
 .ARM.attributes
                0x00000210       0x2c ./board/board.o
 .ARM.attributes
                0x0000023c       0x2c ./board/clock_config.o
 .ARM.attributes
                0x00000268       0x2c ./board/peripherals.o
 .ARM.attributes
                0x00000294       0x2c ./board/pin_mux.o
 .ARM.attributes
                0x000002c0       0x2c ./CMSIS/system_MKL25Z4.o
 .ARM.attributes
                0x000002ec       0x2c c:/nxp/mcuxpressoide_11.8.0_1165/ide/plugins/com.nxp.mcuxpresso.tools.win32_11.8.0.202306131047/tools/bin/../lib/gcc/arm-none-eabi/12.2.1/../../../../arm-none-eabi/lib/thumb/v6-m/nofp\libcr_semihost_nf.a(_cr__main.o)
 .ARM.attributes
                0x00000318       0x2c c:/nxp/mcuxpressoide_11.8.0_1165/ide/plugins/com.nxp.mcuxpresso.tools.win32_11.8.0.202306131047/tools/bin/../lib/gcc/arm-none-eabi/12.2.1/../../../../arm-none-eabi/lib/thumb/v6-m/nofp\libcr_semihost_nf.a(_cr_assert.o)
 .ARM.attributes
                0x00000344       0x2c c:/nxp/mcuxpressoide_11.8.0_1165/ide/plugins/com.nxp.mcuxpresso.tools.win32_11.8.0.202306131047/tools/bin/../lib/gcc/arm-none-eabi/12.2.1/../../../../arm-none-eabi/lib/thumb/v6-m/nofp\libcr_semihost_nf.a(__ciob.o)
 .ARM.attributes
                0x00000370       0x1c c:/nxp/mcuxpressoide_11.8.0_1165/ide/plugins/com.nxp.mcuxpresso.tools.win32_11.8.0.202306131047/tools/bin/../lib/gcc/arm-none-eabi/12.2.1/../../../../arm-none-eabi/lib/thumb/v6-m/nofp\libcr_semihost_nf.a(__sys_appexit.o)
 .ARM.attributes
                0x0000038c       0x2c c:/nxp/mcuxpressoide_11.8.0_1165/ide/plugins/com.nxp.mcuxpresso.tools.win32_11.8.0.202306131047/tools/bin/../lib/gcc/arm-none-eabi/12.2.1/../../../../arm-none-eabi/lib/thumb/v6-m/nofp\libcr_c.a(memset.o)
 .ARM.attributes
                0x000003b8       0x2c c:/nxp/mcuxpressoide_11.8.0_1165/ide/plugins/com.nxp.mcuxpresso.tools.win32_11.8.0.202306131047/tools/bin/../lib/gcc/arm-none-eabi/12.2.1/../../../../arm-none-eabi/lib/thumb/v6-m/nofp\libcr_c.a(_deferredlazyseek.o)
 .ARM.attributes
                0x000003e4       0x2c c:/nxp/mcuxpressoide_11.8.0_1165/ide/plugins/com.nxp.mcuxpresso.tools.win32_11.8.0.202306131047/tools/bin/../lib/gcc/arm-none-eabi/12.2.1/../../../../arm-none-eabi/lib/thumb/v6-m/nofp\libcr_c.a(_fflush.o)
 .ARM.attributes
                0x00000410       0x2c c:/nxp/mcuxpressoide_11.8.0_1165/ide/plugins/com.nxp.mcuxpresso.tools.win32_11.8.0.202306131047/tools/bin/../lib/gcc/arm-none-eabi/12.2.1/../../../../arm-none-eabi/lib/thumb/v6-m/nofp\libcr_c.a(_writebuf.o)
 .ARM.attributes
                0x0000043c       0x2c c:/nxp/mcuxpressoide_11.8.0_1165/ide/plugins/com.nxp.mcuxpresso.tools.win32_11.8.0.202306131047/tools/bin/../lib/gcc/arm-none-eabi/12.2.1/../../../../arm-none-eabi/lib/thumb/v6-m/nofp\libcr_c.a(alloc.o)
 .ARM.attributes
                0x00000468       0x2c c:/nxp/mcuxpressoide_11.8.0_1165/ide/plugins/com.nxp.mcuxpresso.tools.win32_11.8.0.202306131047/tools/bin/../lib/gcc/arm-none-eabi/12.2.1/../../../../arm-none-eabi/lib/thumb/v6-m/nofp\libcr_c.a(atan2.o)
 .ARM.attributes
                0x00000494       0x2c c:/nxp/mcuxpressoide_11.8.0_1165/ide/plugins/com.nxp.mcuxpresso.tools.win32_11.8.0.202306131047/tools/bin/../lib/gcc/arm-none-eabi/12.2.1/../../../../arm-none-eabi/lib/thumb/v6-m/nofp\libcr_c.a(ceil.o)
 .ARM.attributes
                0x000004c0       0x2c c:/nxp/mcuxpressoide_11.8.0_1165/ide/plugins/com.nxp.mcuxpresso.tools.win32_11.8.0.202306131047/tools/bin/../lib/gcc/arm-none-eabi/12.2.1/../../../../arm-none-eabi/lib/thumb/v6-m/nofp\libcr_c.a(errno.o)
 .ARM.attributes
                0x000004ec       0x2c c:/nxp/mcuxpressoide_11.8.0_1165/ide/plugins/com.nxp.mcuxpresso.tools.win32_11.8.0.202306131047/tools/bin/../lib/gcc/arm-none-eabi/12.2.1/../../../../arm-none-eabi/lib/thumb/v6-m/nofp\libcr_c.a(fabs.o)
 .ARM.attributes
                0x00000518       0x2c c:/nxp/mcuxpressoide_11.8.0_1165/ide/plugins/com.nxp.mcuxpresso.tools.win32_11.8.0.202306131047/tools/bin/../lib/gcc/arm-none-eabi/12.2.1/../../../../arm-none-eabi/lib/thumb/v6-m/nofp\libcr_c.a(floor.o)
 .ARM.attributes
                0x00000544       0x2c c:/nxp/mcuxpressoide_11.8.0_1165/ide/plugins/com.nxp.mcuxpresso.tools.win32_11.8.0.202306131047/tools/bin/../lib/gcc/arm-none-eabi/12.2.1/../../../../arm-none-eabi/lib/thumb/v6-m/nofp\libcr_c.a(fputs.o)
 .ARM.attributes
                0x00000570       0x2c c:/nxp/mcuxpressoide_11.8.0_1165/ide/plugins/com.nxp.mcuxpresso.tools.win32_11.8.0.202306131047/tools/bin/../lib/gcc/arm-none-eabi/12.2.1/../../../../arm-none-eabi/lib/thumb/v6-m/nofp\libcr_c.a(fseek.o)
 .ARM.attributes
                0x0000059c       0x2c c:/nxp/mcuxpressoide_11.8.0_1165/ide/plugins/com.nxp.mcuxpresso.tools.win32_11.8.0.202306131047/tools/bin/../lib/gcc/arm-none-eabi/12.2.1/../../../../arm-none-eabi/lib/thumb/v6-m/nofp\libcr_c.a(ftell.o)
 .ARM.attributes
                0x000005c8       0x2c c:/nxp/mcuxpressoide_11.8.0_1165/ide/plugins/com.nxp.mcuxpresso.tools.win32_11.8.0.202306131047/tools/bin/../lib/gcc/arm-none-eabi/12.2.1/../../../../arm-none-eabi/lib/thumb/v6-m/nofp\libcr_c.a(initio.o)
 .ARM.attributes
                0x000005f4       0x2c c:/nxp/mcuxpressoide_11.8.0_1165/ide/plugins/com.nxp.mcuxpresso.tools.win32_11.8.0.202306131047/tools/bin/../lib/gcc/arm-none-eabi/12.2.1/../../../../arm-none-eabi/lib/thumb/v6-m/nofp\libcr_c.a(printf.o)
 .ARM.attributes
                0x00000620       0x2c c:/nxp/mcuxpressoide_11.8.0_1165/ide/plugins/com.nxp.mcuxpresso.tools.win32_11.8.0.202306131047/tools/bin/../lib/gcc/arm-none-eabi/12.2.1/../../../../arm-none-eabi/lib/thumb/v6-m/nofp\libcr_c.a(setvbuf.o)
 .ARM.attributes
                0x0000064c       0x2c c:/nxp/mcuxpressoide_11.8.0_1165/ide/plugins/com.nxp.mcuxpresso.tools.win32_11.8.0.202306131047/tools/bin/../lib/gcc/arm-none-eabi/12.2.1/../../../../arm-none-eabi/lib/thumb/v6-m/nofp\libcr_c.a(strlen.o)
 .ARM.attributes
                0x00000678       0x2c c:/nxp/mcuxpressoide_11.8.0_1165/ide/plugins/com.nxp.mcuxpresso.tools.win32_11.8.0.202306131047/tools/bin/../lib/gcc/arm-none-eabi/12.2.1/../../../../arm-none-eabi/lib/thumb/v6-m/nofp\libcr_c.a(__init_alloc.o)
 .ARM.attributes
                0x000006a4       0x2c c:/nxp/mcuxpressoide_11.8.0_1165/ide/plugins/com.nxp.mcuxpresso.tools.win32_11.8.0.202306131047/tools/bin/../lib/gcc/arm-none-eabi/12.2.1/../../../../arm-none-eabi/lib/thumb/v6-m/nofp\libcr_c.a(_cr_sbrk.o)
 .ARM.attributes
                0x000006d0       0x2c c:/nxp/mcuxpressoide_11.8.0_1165/ide/plugins/com.nxp.mcuxpresso.tools.win32_11.8.0.202306131047/tools/bin/../lib/gcc/arm-none-eabi/12.2.1/../../../../arm-none-eabi/lib/thumb/v6-m/nofp\libcr_c.a(_fdopen.o)
 .ARM.attributes
                0x000006fc       0x2c c:/nxp/mcuxpressoide_11.8.0_1165/ide/plugins/com.nxp.mcuxpresso.tools.win32_11.8.0.202306131047/tools/bin/../lib/gcc/arm-none-eabi/12.2.1/../../../../arm-none-eabi/lib/thumb/v6-m/nofp\libcr_c.a(atan.o)
 .ARM.attributes
                0x00000728       0x2c c:/nxp/mcuxpressoide_11.8.0_1165/ide/plugins/com.nxp.mcuxpresso.tools.win32_11.8.0.202306131047/tools/bin/../lib/gcc/arm-none-eabi/12.2.1/../../../../arm-none-eabi/lib/thumb/v6-m/nofp\libcr_c.a(fclose.o)
 .ARM.attributes
                0x00000754       0x2c c:/nxp/mcuxpressoide_11.8.0_1165/ide/plugins/com.nxp.mcuxpresso.tools.win32_11.8.0.202306131047/tools/bin/../lib/gcc/arm-none-eabi/12.2.1/../../../../arm-none-eabi/lib/thumb/v6-m/nofp\libcr_c.a(fflush.o)
 .ARM.attributes
                0x00000780       0x2c c:/nxp/mcuxpressoide_11.8.0_1165/ide/plugins/com.nxp.mcuxpresso.tools.win32_11.8.0.202306131047/tools/bin/../lib/gcc/arm-none-eabi/12.2.1/../../../../arm-none-eabi/lib/thumb/v6-m/nofp\libcr_c.a(remove.o)
 .ARM.attributes
                0x000007ac       0x2c c:/nxp/mcuxpressoide_11.8.0_1165/ide/plugins/com.nxp.mcuxpresso.tools.win32_11.8.0.202306131047/tools/bin/../lib/gcc/arm-none-eabi/12.2.1/../../../../arm-none-eabi/lib/thumb/v6-m/nofp\libcr_c.a(_cr_check_heap.o)
 .ARM.attributes
                0x000007d8       0x2c c:/nxp/mcuxpressoide_11.8.0_1165/ide/plugins/com.nxp.mcuxpresso.tools.win32_11.8.0.202306131047/tools/bin/../lib/gcc/arm-none-eabi/12.2.1/../../../../arm-none-eabi/lib/thumb/v6-m/nofp\libcr_c.a(_do_fflush.o)
 .ARM.attributes
                0x00000804       0x1c c:/nxp/mcuxpressoide_11.8.0_1165/ide/plugins/com.nxp.mcuxpresso.tools.win32_11.8.0.202306131047/tools/bin/../lib/gcc/arm-none-eabi/12.2.1/thumb/v6-m/nofp\libcr_eabihelpers.a(division_32.o)
 .ARM.attributes
                0x00000820       0x1c c:/nxp/mcuxpressoide_11.8.0_1165/ide/plugins/com.nxp.mcuxpresso.tools.win32_11.8.0.202306131047/tools/bin/../lib/gcc/arm-none-eabi/12.2.1/thumb/v6-m/nofp\libcr_eabihelpers.a(division_idiv0.o)
 .ARM.attributes
                0x0000083c       0x2c c:/nxp/mcuxpressoide_11.8.0_1165/ide/plugins/com.nxp.mcuxpresso.tools.win32_11.8.0.202306131047/tools/bin/../lib/gcc/arm-none-eabi/12.2.1/thumb/v6-m/nofp\libcr_eabihelpers.a(double.o)
 .ARM.attributes
                0x00000868       0x2c c:/nxp/mcuxpressoide_11.8.0_1165/ide/plugins/com.nxp.mcuxpresso.tools.win32_11.8.0.202306131047/tools/bin/../lib/gcc/arm-none-eabi/12.2.1/thumb/v6-m/nofp\libcr_eabihelpers.a(float.o)
 .ARM.attributes
                0x00000894       0x1c c:/nxp/mcuxpressoide_11.8.0_1165/ide/plugins/com.nxp.mcuxpresso.tools.win32_11.8.0.202306131047/tools/bin/../lib/gcc/arm-none-eabi/12.2.1/thumb/v6-m/nofp\libcr_eabihelpers.a(llong.o)
 .ARM.attributes
                0x000008b0       0x1c c:/nxp/mcuxpressoide_11.8.0_1165/ide/plugins/com.nxp.mcuxpresso.tools.win32_11.8.0.202306131047/tools/bin/../lib/gcc/arm-none-eabi/12.2.1/thumb/v6-m/nofp\libcr_eabihelpers.a(memcpy.o)
 .ARM.attributes
                0x000008cc       0x1c c:/nxp/mcuxpressoide_11.8.0_1165/ide/plugins/com.nxp.mcuxpresso.tools.win32_11.8.0.202306131047/tools/bin/../lib/gcc/arm-none-eabi/12.2.1/thumb/v6-m/nofp\libcr_eabihelpers.a(thumb1_switch_helpers.o)
 .ARM.attributes
                0x000008e8       0x1c c:/nxp/mcuxpressoide_11.8.0_1165/ide/plugins/com.nxp.mcuxpresso.tools.win32_11.8.0.202306131047/tools/bin/../lib/gcc/arm-none-eabi/12.2.1/../../../../arm-none-eabi/lib/thumb/v6-m/nofp\libcr_semihost_nf.a(__sys_close.o)
 .ARM.attributes
                0x00000904       0x1c c:/nxp/mcuxpressoide_11.8.0_1165/ide/plugins/com.nxp.mcuxpresso.tools.win32_11.8.0.202306131047/tools/bin/../lib/gcc/arm-none-eabi/12.2.1/../../../../arm-none-eabi/lib/thumb/v6-m/nofp\libcr_semihost_nf.a(__sys_flen.o)
 .ARM.attributes
                0x00000920       0x1c c:/nxp/mcuxpressoide_11.8.0_1165/ide/plugins/com.nxp.mcuxpresso.tools.win32_11.8.0.202306131047/tools/bin/../lib/gcc/arm-none-eabi/12.2.1/../../../../arm-none-eabi/lib/thumb/v6-m/nofp\libcr_semihost_nf.a(__sys_istty.o)
 .ARM.attributes
                0x0000093c       0x1c c:/nxp/mcuxpressoide_11.8.0_1165/ide/plugins/com.nxp.mcuxpresso.tools.win32_11.8.0.202306131047/tools/bin/../lib/gcc/arm-none-eabi/12.2.1/../../../../arm-none-eabi/lib/thumb/v6-m/nofp\libcr_semihost_nf.a(__sys_remove.o)
 .ARM.attributes
                0x00000958       0x1c c:/nxp/mcuxpressoide_11.8.0_1165/ide/plugins/com.nxp.mcuxpresso.tools.win32_11.8.0.202306131047/tools/bin/../lib/gcc/arm-none-eabi/12.2.1/../../../../arm-none-eabi/lib/thumb/v6-m/nofp\libcr_semihost_nf.a(__sys_seek.o)
 .ARM.attributes
                0x00000974       0x1c c:/nxp/mcuxpressoide_11.8.0_1165/ide/plugins/com.nxp.mcuxpresso.tools.win32_11.8.0.202306131047/tools/bin/../lib/gcc/arm-none-eabi/12.2.1/../../../../arm-none-eabi/lib/thumb/v6-m/nofp\libcr_semihost_nf.a(__sys_tmpnam.o)
 .ARM.attributes
                0x00000990       0x1c c:/nxp/mcuxpressoide_11.8.0_1165/ide/plugins/com.nxp.mcuxpresso.tools.win32_11.8.0.202306131047/tools/bin/../lib/gcc/arm-none-eabi/12.2.1/../../../../arm-none-eabi/lib/thumb/v6-m/nofp\libcr_semihost_nf.a(__sys_write.o)

.debug_frame    0x00000000     0x18cc
 .debug_frame   0x00000000       0xcc ./utilities/fsl_debug_console.o
 .debug_frame   0x000000cc      0x3b0 ./startup/startup_mkl25z4.o
 .debug_frame   0x0000047c       0xc8 ./source/I2C.o
 .debug_frame   0x00000544       0x2c ./source/QMC_588L_MAG.o
 .debug_frame   0x00000570       0xa0 ./source/Systick.o
 .debug_frame   0x00000610       0x90 ./source/mag_readings.o
 .debug_frame   0x000006a0       0x20 ./source/semihost_hardfault.o
 .debug_frame   0x000006c0       0x64 ./source/tpm.o
 .debug_frame   0x00000724      0x6e0 ./drivers/fsl_clock.o
 .debug_frame   0x00000e04      0x414 ./drivers/fsl_lpsci.o
 .debug_frame   0x00001218      0x464 ./drivers/fsl_uart.o
 .debug_frame   0x0000167c       0x50 ./board/board.o
 .debug_frame   0x000016cc      0x100 ./board/clock_config.o
 .debug_frame   0x000017cc       0x2c ./board/peripherals.o
 .debug_frame   0x000017f8       0x88 ./board/pin_mux.o
 .debug_frame   0x00001880       0x4c ./CMSIS/system_MKL25Z4.o

.debug_loclists
                0x00000000      0x104
 .debug_loclists
                0x00000000      0x104 ./startup/startup_mkl25z4.o

Cross Reference Table

Symbol                                            File
ADC0_DriverIRQHandler                             ./startup/startup_mkl25z4.o
ADC0_IRQHandler                                   ./startup/startup_mkl25z4.o
BOARD_BootClockRUN                                ./board/clock_config.o
BOARD_BootClockVLPR                               ./board/clock_config.o
BOARD_InitBootClocks                              ./board/clock_config.o
                                                  ./source/QMC_588L_MAG.o
BOARD_InitBootPeripherals                         ./board/peripherals.o
                                                  ./source/QMC_588L_MAG.o
BOARD_InitBootPins                                ./board/pin_mux.o
                                                  ./source/QMC_588L_MAG.o
BOARD_InitDebugConsole                            ./board/board.o
                                                  ./source/QMC_588L_MAG.o
BOARD_InitPins                                    ./board/pin_mux.o
CLOCK_BootToBlpeMode                              ./drivers/fsl_clock.o
CLOCK_BootToBlpiMode                              ./drivers/fsl_clock.o
                                                  ./board/clock_config.o
CLOCK_BootToFeeMode                               ./drivers/fsl_clock.o
CLOCK_BootToFeiMode                               ./drivers/fsl_clock.o
CLOCK_BootToPeeMode                               ./drivers/fsl_clock.o
                                                  ./board/clock_config.o
CLOCK_CalcPllDiv                                  ./drivers/fsl_clock.o
CLOCK_ClearStatusFlags                            ./drivers/fsl_clock.o
CLOCK_DeinitOsc0                                  ./drivers/fsl_clock.o
CLOCK_EnablePll0                                  ./drivers/fsl_clock.o
CLOCK_EnableUsbfs0Clock                           ./drivers/fsl_clock.o
CLOCK_ExternalModeToFbeModeQuick                  ./drivers/fsl_clock.o
CLOCK_FllStableDelay                              ./drivers/fsl_clock.o
CLOCK_GetBusClkFreq                               ./drivers/fsl_clock.o
CLOCK_GetCoreSysClkFreq                           ./drivers/fsl_clock.o
CLOCK_GetEr32kClkFreq                             ./drivers/fsl_clock.o
CLOCK_GetFixedFreqClkFreq                         ./drivers/fsl_clock.o
CLOCK_GetFlashClkFreq                             ./drivers/fsl_clock.o
CLOCK_GetFllFreq                                  ./drivers/fsl_clock.o
CLOCK_GetFreq                                     ./drivers/fsl_clock.o
CLOCK_GetInternalRefClkFreq                       ./drivers/fsl_clock.o
CLOCK_GetMode                                     ./drivers/fsl_clock.o
CLOCK_GetOsc0ErClkFreq                            ./drivers/fsl_clock.o
CLOCK_GetOutClkFreq                               ./drivers/fsl_clock.o
CLOCK_GetPlatClkFreq                              ./drivers/fsl_clock.o
CLOCK_GetPll0Freq                                 ./drivers/fsl_clock.o
CLOCK_GetPllFllSelClkFreq                         ./drivers/fsl_clock.o
                                                  ./board/board.o
CLOCK_GetStatusFlags                              ./drivers/fsl_clock.o
CLOCK_InitOsc0                                    ./drivers/fsl_clock.o
                                                  ./board/clock_config.o
CLOCK_InternalModeToFbiModeQuick                  ./drivers/fsl_clock.o
CLOCK_SetBlpeMode                                 ./drivers/fsl_clock.o
CLOCK_SetBlpiMode                                 ./drivers/fsl_clock.o
CLOCK_SetExternalRefClkConfig                     ./drivers/fsl_clock.o
CLOCK_SetFbeMode                                  ./drivers/fsl_clock.o
CLOCK_SetFbiMode                                  ./drivers/fsl_clock.o
CLOCK_SetFeeMode                                  ./drivers/fsl_clock.o
CLOCK_SetFeiMode                                  ./drivers/fsl_clock.o
CLOCK_SetInternalRefClkConfig                     ./drivers/fsl_clock.o
                                                  ./board/clock_config.o
CLOCK_SetMcgConfig                                ./drivers/fsl_clock.o
CLOCK_SetOsc0MonitorMode                          ./drivers/fsl_clock.o
CLOCK_SetPbeMode                                  ./drivers/fsl_clock.o
CLOCK_SetPeeMode                                  ./drivers/fsl_clock.o
CLOCK_SetPll0MonitorMode                          ./drivers/fsl_clock.o
CLOCK_SetSimConfig                                ./drivers/fsl_clock.o
                                                  ./board/clock_config.o
CLOCK_TrimInternalRefClk                          ./drivers/fsl_clock.o
CMP0_DriverIRQHandler                             ./startup/startup_mkl25z4.o
CMP0_IRQHandler                                   ./startup/startup_mkl25z4.o
DAC0_DriverIRQHandler                             ./startup/startup_mkl25z4.o
DAC0_IRQHandler                                   ./startup/startup_mkl25z4.o
DMA0_DriverIRQHandler                             ./startup/startup_mkl25z4.o
DMA0_IRQHandler                                   ./startup/startup_mkl25z4.o
DMA1_DriverIRQHandler                             ./startup/startup_mkl25z4.o
DMA1_IRQHandler                                   ./startup/startup_mkl25z4.o
DMA2_DriverIRQHandler                             ./startup/startup_mkl25z4.o
DMA2_IRQHandler                                   ./startup/startup_mkl25z4.o
DMA3_DriverIRQHandler                             ./startup/startup_mkl25z4.o
DMA3_IRQHandler                                   ./startup/startup_mkl25z4.o
DbgConsole_Deinit                                 ./utilities/fsl_debug_console.o
DbgConsole_Init                                   ./utilities/fsl_debug_console.o
                                                  ./board/board.o
FLASH_Erase                                       ./drivers/fsl_flash.o
FLASH_EraseAll                                    ./drivers/fsl_flash.o
FLASH_EraseAllExecuteOnlySegments                 ./drivers/fsl_flash.o
FLASH_GetProperty                                 ./drivers/fsl_flash.o
FLASH_GetSecurityState                            ./drivers/fsl_flash.o
FLASH_Init                                        ./drivers/fsl_flash.o
FLASH_IsExecuteOnly                               ./drivers/fsl_flash.o
FLASH_IsProtected                                 ./drivers/fsl_flash.o
FLASH_PflashGetPrefetchSpeculation                ./drivers/fsl_flash.o
FLASH_PflashGetProtection                         ./drivers/fsl_flash.o
FLASH_PflashSetPrefetchSpeculation                ./drivers/fsl_flash.o
                                                  ./drivers/fsl_smc.o
FLASH_PflashSetProtection                         ./drivers/fsl_flash.o
FLASH_PrepareExecuteInRamFunctions                ./drivers/fsl_flash.o
FLASH_Program                                     ./drivers/fsl_flash.o
FLASH_ProgramOnce                                 ./drivers/fsl_flash.o
FLASH_ReadOnce                                    ./drivers/fsl_flash.o
FLASH_ReadResource                                ./drivers/fsl_flash.o
FLASH_SecurityBypass                              ./drivers/fsl_flash.o
FLASH_SetCallback                                 ./drivers/fsl_flash.o
FLASH_SetProperty                                 ./drivers/fsl_flash.o
FLASH_VerifyErase                                 ./drivers/fsl_flash.o
FLASH_VerifyEraseAll                              ./drivers/fsl_flash.o
FLASH_VerifyEraseAllExecuteOnlySegments           ./drivers/fsl_flash.o
FLASH_VerifyProgram                               ./drivers/fsl_flash.o
FTFA_DriverIRQHandler                             ./startup/startup_mkl25z4.o
FTFA_IRQHandler                                   ./startup/startup_mkl25z4.o
Flash_Config                                      ./startup/startup_mkl25z4.o
GPIO_ClearPinsInterruptFlags                      ./drivers/fsl_gpio.o
GPIO_GetPinsInterruptFlags                        ./drivers/fsl_gpio.o
GPIO_PinInit                                      ./drivers/fsl_gpio.o
HardFault_Handler                                 ./source/semihost_hardfault.o
                                                  ./startup/startup_mkl25z4.o
I2C0_DriverIRQHandler                             ./startup/startup_mkl25z4.o
I2C0_IRQHandler                                   ./startup/startup_mkl25z4.o
I2C1_DriverIRQHandler                             ./startup/startup_mkl25z4.o
I2C1_IRQHandler                                   ./startup/startup_mkl25z4.o
Init_RGB_LED_PWM                                  ./source/tpm.o
                                                  ./source/QMC_588L_MAG.o
Init_SysTick                                      ./source/Systick.o
                                                  ./source/QMC_588L_MAG.o
Init_speaker_pwm                                  ./source/tpm.o
                                                  ./source/QMC_588L_MAG.o
InstallIRQHandler                                 ./drivers/fsl_common.o
IntDefaultHandler                                 ./startup/startup_mkl25z4.o
LLWU_DriverIRQHandler                             ./startup/startup_mkl25z4.o
LLWU_IRQHandler                                   ./startup/startup_mkl25z4.o
LPSCI_ClearStatusFlags                            ./drivers/fsl_lpsci.o
LPSCI_Deinit                                      ./drivers/fsl_lpsci.o
                                                  ./utilities/fsl_debug_console.o
LPSCI_DisableInterrupts                           ./drivers/fsl_lpsci.o
LPSCI_EnableInterrupts                            ./drivers/fsl_lpsci.o
LPSCI_GetDefaultConfig                            ./drivers/fsl_lpsci.o
                                                  ./utilities/fsl_debug_console.o
LPSCI_GetEnabledInterrupts                        ./drivers/fsl_lpsci.o
LPSCI_GetInstance                                 ./drivers/fsl_lpsci.o
LPSCI_GetStatusFlags                              ./drivers/fsl_lpsci.o
LPSCI_Init                                        ./drivers/fsl_lpsci.o
                                                  ./utilities/fsl_debug_console.o
LPSCI_ReadBlocking                                ./drivers/fsl_lpsci.o
                                                  ./utilities/fsl_debug_console.o
LPSCI_SetBaudRate                                 ./drivers/fsl_lpsci.o
LPSCI_TransferAbortReceive                        ./drivers/fsl_lpsci.o
LPSCI_TransferAbortSend                           ./drivers/fsl_lpsci.o
LPSCI_TransferCreateHandle                        ./drivers/fsl_lpsci.o
LPSCI_TransferGetReceiveCount                     ./drivers/fsl_lpsci.o
LPSCI_TransferGetSendCount                        ./drivers/fsl_lpsci.o
LPSCI_TransferHandleErrorIRQ                      ./drivers/fsl_lpsci.o
LPSCI_TransferHandleIRQ                           ./drivers/fsl_lpsci.o
LPSCI_TransferReceiveNonBlocking                  ./drivers/fsl_lpsci.o